/home/mudryi/phd_projects/ukr-synonym-robustness/dev_env/bin/python3 scripts/run_pilot.py --dataset reviews --model xlmr_base --eval-n 1500 --num-epochs 4 --seed 7 --pilot-root results/pilot_full78k --variant full78k --clean-n 78146 --conditions B0,B2,B3,B4

[2026-09-18 08:12:13] ==============================================================================
[2026-09-18 08:12:13] Stage-A pilot: reviews x xlmr_base x seed 7
[2026-09-18 08:12:13] clean_n=78146 ratio=0.5 caps=(3,6) eval_n=1500 conditions=['B0', 'B2', 'B3', 'B4']
[2026-09-18 08:12:13] ==============================================================================
[2026-09-18 08:12:13] SKIP subsample (exists: /home/mudryi/phd_projects/ukr-adversarial-augmentation/results/pilot_full78k/clean_train_subsample.csv)
[2026-09-18 08:12:13] START train_B0  (log: /home/mudryi/phd_projects/ukr-adversarial-augmentation/results/pilot_full78k/logs/train_B0.log)
[2026-09-18 08:24:43] DONE  train_B0 in 12.5 min
[2026-09-18 08:24:43] baseline sanity check OK: B0 eval macro-F1 = 0.496
[2026-09-18 08:24:43] START generate_B2  (log: /home/mudryi/phd_projects/ukr-adversarial-augmentation/results/pilot_full78k/logs/generate_B2.log)
[2026-09-18 08:44:23] DONE  generate_B2 in 19.7 min
[2026-09-18 08:44:23] START generate_B3  (log: /home/mudryi/phd_projects/ukr-adversarial-augmentation/results/pilot_full78k/logs/generate_B3.log)
[2026-09-18 09:04:37] DONE  generate_B3 in 20.2 min
[2026-09-18 09:04:37] START generate_B4  (log: /home/mudryi/phd_projects/ukr-adversarial-augmentation/results/pilot_full78k/logs/generate_B4.log)
[2026-09-18 10:32:36] DONE  generate_B4 in 88.0 min
[2026-09-18 10:32:36] START train_B2  (log: /home/mudryi/phd_projects/ukr-adversarial-augmentation/results/pilot_full78k/logs/train_B2.log)
[2026-09-18 10:49:59] DONE  train_B2 in 17.4 min
[2026-09-18 10:49:59] START train_B3  (log: /home/mudryi/phd_projects/ukr-adversarial-augmentation/results/pilot_full78k/logs/train_B3.log)
[2026-09-18 10:59:32] DONE  train_B3 in 9.5 min
[2026-09-18 10:59:32] START train_B4  (log: /home/mudryi/phd_projects/ukr-adversarial-augmentation/results/pilot_full78k/logs/train_B4.log)
[2026-09-18 11:21:14] DONE  train_B4 in 21.7 min
[2026-09-18 11:21:14] START eval_B0_textfooler  (log: /home/mudryi/phd_projects/ukr-adversarial-augmentation/results/pilot_full78k/logs/eval_B0_textfooler.log)
[2026-09-18 11:32:22] DONE  eval_B0_textfooler in 11.1 min
[2026-09-18 11:32:22] START eval_B2_textfooler  (log: /home/mudryi/phd_projects/ukr-adversarial-augmentation/results/pilot_full78k/logs/eval_B2_textfooler.log)
[2026-09-18 11:42:51] DONE  eval_B2_textfooler in 10.5 min
[2026-09-18 11:42:51] START eval_B3_textfooler  (log: /home/mudryi/phd_projects/ukr-adversarial-augmentation/results/pilot_full78k/logs/eval_B3_textfooler.log)
[2026-09-18 11:56:01] DONE  eval_B3_textfooler in 13.2 min
[2026-09-18 11:56:01] START eval_B4_textfooler  (log: /home/mudryi/phd_projects/ukr-adversarial-augmentation/results/pilot_full78k/logs/eval_B4_textfooler.log)
[2026-09-18 12:09:06] DONE  eval_B4_textfooler in 13.1 min
[2026-09-18 12:09:06] START eval_B0_textfooler_wsd  (log: /home/mudryi/phd_projects/ukr-adversarial-augmentation/results/pilot_full78k/logs/eval_B0_textfooler_wsd.log)
[2026-09-18 12:41:51] DONE  eval_B0_textfooler_wsd in 32.7 min
[2026-09-18 12:41:51] START eval_B2_textfooler_wsd  (log: /home/mudryi/phd_projects/ukr-adversarial-augmentation/results/pilot_full78k/logs/eval_B2_textfooler_wsd.log)
[2026-09-18 13:13:01] DONE  eval_B2_textfooler_wsd in 31.2 min
[2026-09-18 13:13:01] START eval_B3_textfooler_wsd  (log: /home/mudryi/phd_projects/ukr-adversarial-augmentation/results/pilot_full78k/logs/eval_B3_textfooler_wsd.log)
[2026-09-18 13:49:33] DONE  eval_B3_textfooler_wsd in 36.5 min
[2026-09-18 13:49:33] START eval_B4_textfooler_wsd  (log: /home/mudryi/phd_projects/ukr-adversarial-augmentation/results/pilot_full78k/logs/eval_B4_textfooler_wsd.log)
[2026-09-18 14:25:12] DONE  eval_B4_textfooler_wsd in 35.6 min
[2026-09-18 14:25:12] START eval_B0_bert_attack  (log: /home/mudryi/phd_projects/ukr-adversarial-augmentation/results/pilot_full78k/logs/eval_B0_bert_attack.log)
[2026-09-18 14:39:05] DONE  eval_B0_bert_attack in 13.9 min
[2026-09-18 14:39:05] START eval_B2_bert_attack  (log: /home/mudryi/phd_projects/ukr-adversarial-augmentation/results/pilot_full78k/logs/eval_B2_bert_attack.log)
[2026-09-18 14:52:47] DONE  eval_B2_bert_attack in 13.7 min
[2026-09-18 14:52:47] START eval_B3_bert_attack  (log: /home/mudryi/phd_projects/ukr-adversarial-augmentation/results/pilot_full78k/logs/eval_B3_bert_attack.log)
[2026-09-18 15:06:31] DONE  eval_B3_bert_attack in 13.7 min
[2026-09-18 15:06:31] START eval_B4_bert_attack  (log: /home/mudryi/phd_projects/ukr-adversarial-augmentation/results/pilot_full78k/logs/eval_B4_bert_attack.log)
[2026-09-18 15:20:50] DONE  eval_B4_bert_attack in 14.3 min
[2026-09-18 15:20:50] START aggregate  (log: /home/mudryi/phd_projects/ukr-adversarial-augmentation/results/pilot_full78k/logs/aggregate.log)
[2026-09-18 15:20:56] DONE  aggregate in 0.1 min
[2026-09-18 15:20:56] ==============================================================================
[2026-09-18 15:20:56] PILOT COMPLETE
[2026-09-18 15:20:56]   train_B0: ok
[2026-09-18 15:20:56]   baseline_sanity_check: ok
[2026-09-18 15:20:56]   generate_B2: ok
[2026-09-18 15:20:56]   generate_B3: ok
[2026-09-18 15:20:56]   generate_B4: ok
[2026-09-18 15:20:56]   train_B2: ok
[2026-09-18 15:20:56]   train_B3: ok
[2026-09-18 15:20:56]   train_B4: ok
[2026-09-18 15:20:56]   eval_B0_textfooler: ok
[2026-09-18 15:20:56]   eval_B2_textfooler: ok
[2026-09-18 15:20:56]   eval_B3_textfooler: ok
[2026-09-18 15:20:56]   eval_B4_textfooler: ok
[2026-09-18 15:20:56]   eval_B0_textfooler_wsd: ok
[2026-09-18 15:20:56]   eval_B2_textfooler_wsd: ok
[2026-09-18 15:20:56]   eval_B3_textfooler_wsd: ok
[2026-09-18 15:20:56]   eval_B4_textfooler_wsd: ok
[2026-09-18 15:20:56]   eval_B0_bert_attack: ok
[2026-09-18 15:20:56]   eval_B2_bert_attack: ok
[2026-09-18 15:20:56]   eval_B3_bert_attack: ok
[2026-09-18 15:20:56]   eval_B4_bert_attack: ok
[2026-09-18 15:20:56] metrics table: /home/mudryi/phd_projects/ukr-adversarial-augmentation/results/pilot_metrics.md
[2026-09-18 15:20:56] ==============================================================================
