/home/mudryi/phd_projects/ukr-synonym-robustness/dev_env/bin/python3 scripts/run_pilot.py --dataset reviews --model xlmr_base --eval-n 1500 --num-epochs 4 --seed 2024 --pilot-root results/pilot_full78k --variant full78k --clean-n 78146 --conditions B0,B2,B3,B4

[2026-09-18 01:08:41] ==============================================================================
[2026-09-18 01:08:41] Stage-A pilot: reviews x xlmr_base x seed 2024
[2026-09-18 01:08:41] clean_n=78146 ratio=0.5 caps=(3,6) eval_n=1500 conditions=['B0', 'B2', 'B3', 'B4']
[2026-09-18 01:08:41] ==============================================================================
[2026-09-18 01:08:41] SKIP subsample (exists: /home/mudryi/phd_projects/ukr-adversarial-augmentation/results/pilot_full78k/clean_train_subsample.csv)
[2026-09-18 01:08:41] START train_B0  (log: /home/mudryi/phd_projects/ukr-adversarial-augmentation/results/pilot_full78k/logs/train_B0.log)
[2026-09-18 01:21:04] DONE  train_B0 in 12.4 min
[2026-09-18 01:21:04] baseline sanity check OK: B0 eval macro-F1 = 0.500
[2026-09-18 01:21:04] START generate_B2  (log: /home/mudryi/phd_projects/ukr-adversarial-augmentation/results/pilot_full78k/logs/generate_B2.log)
[2026-09-18 01:41:17] DONE  generate_B2 in 20.2 min
[2026-09-18 01:41:17] START generate_B3  (log: /home/mudryi/phd_projects/ukr-adversarial-augmentation/results/pilot_full78k/logs/generate_B3.log)
[2026-09-18 02:01:24] DONE  generate_B3 in 20.1 min
[2026-09-18 02:01:24] START generate_B4  (log: /home/mudryi/phd_projects/ukr-adversarial-augmentation/results/pilot_full78k/logs/generate_B4.log)
[2026-09-18 03:29:59] DONE  generate_B4 in 88.6 min
[2026-09-18 03:29:59] START train_B2  (log: /home/mudryi/phd_projects/ukr-adversarial-augmentation/results/pilot_full78k/logs/train_B2.log)
[2026-09-18 03:38:59] DONE  train_B2 in 9.0 min
[2026-09-18 03:38:59] START train_B3  (log: /home/mudryi/phd_projects/ukr-adversarial-augmentation/results/pilot_full78k/logs/train_B3.log)
[2026-09-18 04:00:40] DONE  train_B3 in 21.7 min
[2026-09-18 04:00:40] START train_B4  (log: /home/mudryi/phd_projects/ukr-adversarial-augmentation/results/pilot_full78k/logs/train_B4.log)
[2026-09-18 04:14:36] DONE  train_B4 in 13.9 min
[2026-09-18 04:14:36] START eval_B0_textfooler  (log: /home/mudryi/phd_projects/ukr-adversarial-augmentation/results/pilot_full78k/logs/eval_B0_textfooler.log)
[2026-09-18 04:25:55] DONE  eval_B0_textfooler in 11.3 min
[2026-09-18 04:25:55] START eval_B2_textfooler  (log: /home/mudryi/phd_projects/ukr-adversarial-augmentation/results/pilot_full78k/logs/eval_B2_textfooler.log)
[2026-09-18 04:38:47] DONE  eval_B2_textfooler in 12.9 min
[2026-09-18 04:38:47] START eval_B3_textfooler  (log: /home/mudryi/phd_projects/ukr-adversarial-augmentation/results/pilot_full78k/logs/eval_B3_textfooler.log)
[2026-09-18 04:50:32] DONE  eval_B3_textfooler in 11.8 min
[2026-09-18 04:50:32] START eval_B4_textfooler  (log: /home/mudryi/phd_projects/ukr-adversarial-augmentation/results/pilot_full78k/logs/eval_B4_textfooler.log)
[2026-09-18 05:01:47] DONE  eval_B4_textfooler in 11.2 min
[2026-09-18 05:01:47] START eval_B0_textfooler_wsd  (log: /home/mudryi/phd_projects/ukr-adversarial-augmentation/results/pilot_full78k/logs/eval_B0_textfooler_wsd.log)
[2026-09-18 05:34:17] DONE  eval_B0_textfooler_wsd in 32.5 min
[2026-09-18 05:34:17] START eval_B2_textfooler_wsd  (log: /home/mudryi/phd_projects/ukr-adversarial-augmentation/results/pilot_full78k/logs/eval_B2_textfooler_wsd.log)
[2026-09-18 06:10:02] DONE  eval_B2_textfooler_wsd in 35.8 min
[2026-09-18 06:10:02] START eval_B3_textfooler_wsd  (log: /home/mudryi/phd_projects/ukr-adversarial-augmentation/results/pilot_full78k/logs/eval_B3_textfooler_wsd.log)
[2026-09-18 06:43:19] DONE  eval_B3_textfooler_wsd in 33.3 min
[2026-09-18 06:43:19] START eval_B4_textfooler_wsd  (log: /home/mudryi/phd_projects/ukr-adversarial-augmentation/results/pilot_full78k/logs/eval_B4_textfooler_wsd.log)
[2026-09-18 07:15:30] DONE  eval_B4_textfooler_wsd in 32.2 min
[2026-09-18 07:15:30] START eval_B0_bert_attack  (log: /home/mudryi/phd_projects/ukr-adversarial-augmentation/results/pilot_full78k/logs/eval_B0_bert_attack.log)
[2026-09-18 07:29:52] DONE  eval_B0_bert_attack in 14.4 min
[2026-09-18 07:29:52] START eval_B2_bert_attack  (log: /home/mudryi/phd_projects/ukr-adversarial-augmentation/results/pilot_full78k/logs/eval_B2_bert_attack.log)
[2026-09-18 07:44:27] DONE  eval_B2_bert_attack in 14.6 min
[2026-09-18 07:44:27] START eval_B3_bert_attack  (log: /home/mudryi/phd_projects/ukr-adversarial-augmentation/results/pilot_full78k/logs/eval_B3_bert_attack.log)
[2026-09-18 07:58:25] DONE  eval_B3_bert_attack in 14.0 min
[2026-09-18 07:58:25] START eval_B4_bert_attack  (log: /home/mudryi/phd_projects/ukr-adversarial-augmentation/results/pilot_full78k/logs/eval_B4_bert_attack.log)
[2026-09-18 08:12:06] DONE  eval_B4_bert_attack in 13.7 min
[2026-09-18 08:12:06] START aggregate  (log: /home/mudryi/phd_projects/ukr-adversarial-augmentation/results/pilot_full78k/logs/aggregate.log)
[2026-09-18 08:12:12] DONE  aggregate in 0.1 min
[2026-09-18 08:12:12] ==============================================================================
[2026-09-18 08:12:12] PILOT COMPLETE
[2026-09-18 08:12:12]   train_B0: ok
[2026-09-18 08:12:12]   baseline_sanity_check: ok
[2026-09-18 08:12:12]   generate_B2: ok
[2026-09-18 08:12:12]   generate_B3: ok
[2026-09-18 08:12:12]   generate_B4: ok
[2026-09-18 08:12:12]   train_B2: ok
[2026-09-18 08:12:12]   train_B3: ok
[2026-09-18 08:12:12]   train_B4: ok
[2026-09-18 08:12:12]   eval_B0_textfooler: ok
[2026-09-18 08:12:12]   eval_B2_textfooler: ok
[2026-09-18 08:12:12]   eval_B3_textfooler: ok
[2026-09-18 08:12:12]   eval_B4_textfooler: ok
[2026-09-18 08:12:12]   eval_B0_textfooler_wsd: ok
[2026-09-18 08:12:12]   eval_B2_textfooler_wsd: ok
[2026-09-18 08:12:12]   eval_B3_textfooler_wsd: ok
[2026-09-18 08:12:12]   eval_B4_textfooler_wsd: ok
[2026-09-18 08:12:12]   eval_B0_bert_attack: ok
[2026-09-18 08:12:12]   eval_B2_bert_attack: ok
[2026-09-18 08:12:12]   eval_B3_bert_attack: ok
[2026-09-18 08:12:12]   eval_B4_bert_attack: ok
[2026-09-18 08:12:12] metrics table: /home/mudryi/phd_projects/ukr-adversarial-augmentation/results/pilot_metrics.md
[2026-09-18 08:12:12] ==============================================================================
