/home/mudryi/phd_projects/ukr-synonym-robustness/dev_env/bin/python3 scripts/run_pilot.py --dataset reviews --model ukr_roberta --pilot-root results/pilot_ukrroberta_reviews --eval-n 1500 --num-epochs 4 --seed 7 --conditions B0,B2,B3,B4,B5 --min-baseline-macro-f1 0.28

[2026-09-18 21:34:37] ==============================================================================
[2026-09-18 21:34:37] Stage-A pilot: reviews x ukr_roberta x seed 7
[2026-09-18 21:34:37] clean_n=20000 ratio=0.5 caps=(3,6) eval_n=1500 conditions=['B0', 'B2', 'B3', 'B4', 'B5']
[2026-09-18 21:34:37] ==============================================================================
[2026-09-18 21:34:37] SKIP subsample (exists: /home/mudryi/phd_projects/ukr-adversarial-augmentation/results/pilot_ukrroberta_reviews/clean_train_subsample.csv)
[2026-09-18 21:34:37] START train_B0  (log: /home/mudryi/phd_projects/ukr-adversarial-augmentation/results/pilot_ukrroberta_reviews/logs/train_B0.log)
[2026-09-18 21:41:48] DONE  train_B0 in 7.2 min
[2026-09-18 21:41:48] baseline sanity check OK: B0 eval macro-F1 = 0.453
[2026-09-18 21:41:48] START generate_B2  (log: /home/mudryi/phd_projects/ukr-adversarial-augmentation/results/pilot_ukrroberta_reviews/logs/generate_B2.log)
[2026-09-18 21:48:01] DONE  generate_B2 in 6.2 min
[2026-09-18 21:48:01] START generate_B3  (log: /home/mudryi/phd_projects/ukr-adversarial-augmentation/results/pilot_ukrroberta_reviews/logs/generate_B3.log)
[2026-09-18 21:53:11] DONE  generate_B3 in 5.2 min
[2026-09-18 21:53:11] START generate_B4  (log: /home/mudryi/phd_projects/ukr-adversarial-augmentation/results/pilot_ukrroberta_reviews/logs/generate_B4.log)
[2026-09-18 22:17:47] DONE  generate_B4 in 24.6 min
[2026-09-18 22:17:47] START generate_B5  (log: /home/mudryi/phd_projects/ukr-adversarial-augmentation/results/pilot_ukrroberta_reviews/logs/generate_B5.log)
[2026-09-18 22:22:54] DONE  generate_B5 in 5.1 min
[2026-09-18 22:22:54] START train_B2  (log: /home/mudryi/phd_projects/ukr-adversarial-augmentation/results/pilot_ukrroberta_reviews/logs/train_B2.log)
[2026-09-18 22:33:33] DONE  train_B2 in 10.7 min
[2026-09-18 22:33:33] START train_B3  (log: /home/mudryi/phd_projects/ukr-adversarial-augmentation/results/pilot_ukrroberta_reviews/logs/train_B3.log)
[2026-09-18 22:42:48] DONE  train_B3 in 9.2 min
[2026-09-18 22:42:48] START train_B4  (log: /home/mudryi/phd_projects/ukr-adversarial-augmentation/results/pilot_ukrroberta_reviews/logs/train_B4.log)
[2026-09-18 22:53:31] DONE  train_B4 in 10.7 min
[2026-09-18 22:53:31] START train_B5  (log: /home/mudryi/phd_projects/ukr-adversarial-augmentation/results/pilot_ukrroberta_reviews/logs/train_B5.log)
[2026-09-18 23:04:09] DONE  train_B5 in 10.6 min
[2026-09-18 23:04:09] START eval_B0_textfooler  (log: /home/mudryi/phd_projects/ukr-adversarial-augmentation/results/pilot_ukrroberta_reviews/logs/eval_B0_textfooler.log)
[2026-09-18 23:12:00] DONE  eval_B0_textfooler in 7.8 min
[2026-09-18 23:12:00] START eval_B2_textfooler  (log: /home/mudryi/phd_projects/ukr-adversarial-augmentation/results/pilot_ukrroberta_reviews/logs/eval_B2_textfooler.log)
[2026-09-18 23:19:05] DONE  eval_B2_textfooler in 7.1 min
[2026-09-18 23:19:05] START eval_B3_textfooler  (log: /home/mudryi/phd_projects/ukr-adversarial-augmentation/results/pilot_ukrroberta_reviews/logs/eval_B3_textfooler.log)
[2026-09-18 23:29:15] DONE  eval_B3_textfooler in 10.2 min
[2026-09-18 23:29:15] START eval_B4_textfooler  (log: /home/mudryi/phd_projects/ukr-adversarial-augmentation/results/pilot_ukrroberta_reviews/logs/eval_B4_textfooler.log)
[2026-09-18 23:39:08] DONE  eval_B4_textfooler in 9.9 min
[2026-09-18 23:39:08] START eval_B5_textfooler  (log: /home/mudryi/phd_projects/ukr-adversarial-augmentation/results/pilot_ukrroberta_reviews/logs/eval_B5_textfooler.log)
[2026-09-18 23:44:52] DONE  eval_B5_textfooler in 5.7 min
[2026-09-18 23:44:52] START eval_B0_textfooler_wsd  (log: /home/mudryi/phd_projects/ukr-adversarial-augmentation/results/pilot_ukrroberta_reviews/logs/eval_B0_textfooler_wsd.log)
[2026-09-19 00:08:09] DONE  eval_B0_textfooler_wsd in 23.3 min
[2026-09-19 00:08:09] START eval_B2_textfooler_wsd  (log: /home/mudryi/phd_projects/ukr-adversarial-augmentation/results/pilot_ukrroberta_reviews/logs/eval_B2_textfooler_wsd.log)
[2026-09-19 00:29:18] DONE  eval_B2_textfooler_wsd in 21.2 min
[2026-09-19 00:29:18] START eval_B3_textfooler_wsd  (log: /home/mudryi/phd_projects/ukr-adversarial-augmentation/results/pilot_ukrroberta_reviews/logs/eval_B3_textfooler_wsd.log)
[2026-09-19 00:59:35] DONE  eval_B3_textfooler_wsd in 30.3 min
[2026-09-19 00:59:35] START eval_B4_textfooler_wsd  (log: /home/mudryi/phd_projects/ukr-adversarial-augmentation/results/pilot_ukrroberta_reviews/logs/eval_B4_textfooler_wsd.log)
[2026-09-19 01:28:56] DONE  eval_B4_textfooler_wsd in 29.4 min
[2026-09-19 01:28:56] START eval_B5_textfooler_wsd  (log: /home/mudryi/phd_projects/ukr-adversarial-augmentation/results/pilot_ukrroberta_reviews/logs/eval_B5_textfooler_wsd.log)
[2026-09-19 01:46:19] DONE  eval_B5_textfooler_wsd in 17.4 min
[2026-09-19 01:46:19] START eval_B0_bert_attack  (log: /home/mudryi/phd_projects/ukr-adversarial-augmentation/results/pilot_ukrroberta_reviews/logs/eval_B0_bert_attack.log)
[2026-09-19 01:58:22] DONE  eval_B0_bert_attack in 12.1 min
[2026-09-19 01:58:22] START eval_B2_bert_attack  (log: /home/mudryi/phd_projects/ukr-adversarial-augmentation/results/pilot_ukrroberta_reviews/logs/eval_B2_bert_attack.log)
[2026-09-19 02:09:19] DONE  eval_B2_bert_attack in 10.9 min
[2026-09-19 02:09:19] START eval_B3_bert_attack  (log: /home/mudryi/phd_projects/ukr-adversarial-augmentation/results/pilot_ukrroberta_reviews/logs/eval_B3_bert_attack.log)
[2026-09-19 02:21:17] DONE  eval_B3_bert_attack in 12.0 min
[2026-09-19 02:21:17] START eval_B4_bert_attack  (log: /home/mudryi/phd_projects/ukr-adversarial-augmentation/results/pilot_ukrroberta_reviews/logs/eval_B4_bert_attack.log)
[2026-09-19 02:32:52] DONE  eval_B4_bert_attack in 11.6 min
[2026-09-19 02:32:52] START eval_B5_bert_attack  (log: /home/mudryi/phd_projects/ukr-adversarial-augmentation/results/pilot_ukrroberta_reviews/logs/eval_B5_bert_attack.log)
[2026-09-19 02:45:37] DONE  eval_B5_bert_attack in 12.8 min
[2026-09-19 02:45:37] START aggregate  (log: /home/mudryi/phd_projects/ukr-adversarial-augmentation/results/pilot_ukrroberta_reviews/logs/aggregate.log)
[2026-09-19 02:45:44] DONE  aggregate in 0.1 min
[2026-09-19 02:45:44] ==============================================================================
[2026-09-19 02:45:44] PILOT COMPLETE
[2026-09-19 02:45:44]   train_B0: ok
[2026-09-19 02:45:44]   baseline_sanity_check: ok
[2026-09-19 02:45:44]   generate_B2: ok
[2026-09-19 02:45:44]   generate_B3: ok
[2026-09-19 02:45:44]   generate_B4: ok
[2026-09-19 02:45:44]   generate_B5: ok
[2026-09-19 02:45:44]   train_B2: ok
[2026-09-19 02:45:44]   train_B3: ok
[2026-09-19 02:45:44]   train_B4: ok
[2026-09-19 02:45:44]   train_B5: ok
[2026-09-19 02:45:44]   eval_B0_textfooler: ok
[2026-09-19 02:45:44]   eval_B2_textfooler: ok
[2026-09-19 02:45:44]   eval_B3_textfooler: ok
[2026-09-19 02:45:44]   eval_B4_textfooler: ok
[2026-09-19 02:45:44]   eval_B5_textfooler: ok
[2026-09-19 02:45:44]   eval_B0_textfooler_wsd: ok
[2026-09-19 02:45:44]   eval_B2_textfooler_wsd: ok
[2026-09-19 02:45:44]   eval_B3_textfooler_wsd: ok
[2026-09-19 02:45:44]   eval_B4_textfooler_wsd: ok
[2026-09-19 02:45:44]   eval_B5_textfooler_wsd: ok
[2026-09-19 02:45:44]   eval_B0_bert_attack: ok
[2026-09-19 02:45:44]   eval_B2_bert_attack: ok
[2026-09-19 02:45:44]   eval_B3_bert_attack: ok
[2026-09-19 02:45:44]   eval_B4_bert_attack: ok
[2026-09-19 02:45:44]   eval_B5_bert_attack: ok
[2026-09-19 02:45:44] metrics table: /home/mudryi/phd_projects/ukr-adversarial-augmentation/results/pilot_metrics.md
[2026-09-19 02:45:44] ==============================================================================
