/home/mudryi/phd_projects/ukr-synonym-robustness/dev_env/bin/python3 scripts/run_pilot.py --dataset reviews --model ukr_roberta --pilot-root results/pilot_ukrroberta_reviews --eval-n 1500 --num-epochs 4 --seed 1914 --conditions B5 --min-baseline-macro-f1 0.28

[2026-09-18 15:20:57] ==============================================================================
[2026-09-18 15:20:57] Stage-A pilot: reviews x ukr_roberta x seed 1914
[2026-09-18 15:20:57] clean_n=20000 ratio=0.5 caps=(3,6) eval_n=1500 conditions=['B5']
[2026-09-18 15:20:57] ==============================================================================
[2026-09-18 15:20:57] SKIP subsample (exists: /home/mudryi/phd_projects/ukr-adversarial-augmentation/results/pilot_ukrroberta_reviews/clean_train_subsample.csv)
[2026-09-18 15:20:57] START generate_B5  (log: /home/mudryi/phd_projects/ukr-adversarial-augmentation/results/pilot_ukrroberta_reviews/logs/generate_B5.log)
[2026-09-18 15:26:03] DONE  generate_B5 in 5.1 min
[2026-09-18 15:26:03] START train_B5  (log: /home/mudryi/phd_projects/ukr-adversarial-augmentation/results/pilot_ukrroberta_reviews/logs/train_B5.log)
[2026-09-18 15:36:23] DONE  train_B5 in 10.3 min
[2026-09-18 15:36:23] START eval_B5_textfooler  (log: /home/mudryi/phd_projects/ukr-adversarial-augmentation/results/pilot_ukrroberta_reviews/logs/eval_B5_textfooler.log)
[2026-09-18 15:41:49] DONE  eval_B5_textfooler in 5.4 min
[2026-09-18 15:41:49] START eval_B5_textfooler_wsd  (log: /home/mudryi/phd_projects/ukr-adversarial-augmentation/results/pilot_ukrroberta_reviews/logs/eval_B5_textfooler_wsd.log)
[2026-09-18 15:59:21] DONE  eval_B5_textfooler_wsd in 17.5 min
[2026-09-18 15:59:21] START eval_B5_bert_attack  (log: /home/mudryi/phd_projects/ukr-adversarial-augmentation/results/pilot_ukrroberta_reviews/logs/eval_B5_bert_attack.log)
[2026-09-18 16:10:22] DONE  eval_B5_bert_attack in 11.0 min
[2026-09-18 16:10:22] START aggregate  (log: /home/mudryi/phd_projects/ukr-adversarial-augmentation/results/pilot_ukrroberta_reviews/logs/aggregate.log)
[2026-09-18 16:10:28] DONE  aggregate in 0.1 min
[2026-09-18 16:10:28] ==============================================================================
[2026-09-18 16:10:28] PILOT COMPLETE
[2026-09-18 16:10:28]   generate_B5: ok
[2026-09-18 16:10:28]   train_B5: ok
[2026-09-18 16:10:28]   eval_B5_textfooler: ok
[2026-09-18 16:10:28]   eval_B5_textfooler_wsd: ok
[2026-09-18 16:10:28]   eval_B5_bert_attack: ok
[2026-09-18 16:10:28] metrics table: /home/mudryi/phd_projects/ukr-adversarial-augmentation/results/pilot_metrics.md
[2026-09-18 16:10:28] ==============================================================================
