/home/mudryi/phd_projects/ukr-synonym-robustness/dev_env/bin/python3 scripts/run_pilot.py --dataset unlp --model xlmr_base --pilot-root results/pilot_unlp --eval-n 1500 --num-epochs 4 --seed 7 --conditions B0,B2,B3,B4 --min-baseline-macro-f1 0.50

[2026-09-19 08:08:16] ==============================================================================
[2026-09-19 08:08:16] Stage-A pilot: unlp x xlmr_base x seed 7
[2026-09-19 08:08:16] clean_n=20000 ratio=0.5 caps=(3,6) eval_n=1500 conditions=['B0', 'B2', 'B3', 'B4']
[2026-09-19 08:08:16] ==============================================================================
[2026-09-19 08:08:16] SKIP subsample (exists: /home/mudryi/phd_projects/ukr-adversarial-augmentation/results/pilot_unlp/clean_train_subsample.csv)
[2026-09-19 08:08:16] START train_B0  (log: /home/mudryi/phd_projects/ukr-adversarial-augmentation/results/pilot_unlp/logs/train_B0.log)
[2026-09-19 08:09:15] DONE  train_B0 in 1.0 min
[2026-09-19 08:09:15] baseline sanity check OK: B0 eval macro-F1 = 0.787
[2026-09-19 08:09:15] START generate_B2  (log: /home/mudryi/phd_projects/ukr-adversarial-augmentation/results/pilot_unlp/logs/generate_B2.log)
[2026-09-19 08:12:44] DONE  generate_B2 in 3.5 min
[2026-09-19 08:12:44] START generate_B3  (log: /home/mudryi/phd_projects/ukr-adversarial-augmentation/results/pilot_unlp/logs/generate_B3.log)
[2026-09-19 08:15:42] DONE  generate_B3 in 3.0 min
[2026-09-19 08:15:42] START generate_B4  (log: /home/mudryi/phd_projects/ukr-adversarial-augmentation/results/pilot_unlp/logs/generate_B4.log)
[2026-09-19 08:24:38] DONE  generate_B4 in 8.9 min
[2026-09-19 08:24:38] START train_B2  (log: /home/mudryi/phd_projects/ukr-adversarial-augmentation/results/pilot_unlp/logs/train_B2.log)
[2026-09-19 08:26:04] DONE  train_B2 in 1.4 min
[2026-09-19 08:26:04] START train_B3  (log: /home/mudryi/phd_projects/ukr-adversarial-augmentation/results/pilot_unlp/logs/train_B3.log)
[2026-09-19 08:27:31] DONE  train_B3 in 1.4 min
[2026-09-19 08:27:31] START train_B4  (log: /home/mudryi/phd_projects/ukr-adversarial-augmentation/results/pilot_unlp/logs/train_B4.log)
[2026-09-19 08:28:54] DONE  train_B4 in 1.4 min
[2026-09-19 08:28:54] START eval_B0_textfooler  (log: /home/mudryi/phd_projects/ukr-adversarial-augmentation/results/pilot_unlp/logs/eval_B0_textfooler.log)
[2026-09-19 08:53:58] DONE  eval_B0_textfooler in 25.1 min
[2026-09-19 08:53:58] START eval_B2_textfooler  (log: /home/mudryi/phd_projects/ukr-adversarial-augmentation/results/pilot_unlp/logs/eval_B2_textfooler.log)
[2026-09-19 09:18:40] DONE  eval_B2_textfooler in 24.7 min
[2026-09-19 09:18:40] START eval_B3_textfooler  (log: /home/mudryi/phd_projects/ukr-adversarial-augmentation/results/pilot_unlp/logs/eval_B3_textfooler.log)
[2026-09-19 09:42:00] DONE  eval_B3_textfooler in 23.3 min
[2026-09-19 09:42:00] START eval_B4_textfooler  (log: /home/mudryi/phd_projects/ukr-adversarial-augmentation/results/pilot_unlp/logs/eval_B4_textfooler.log)
[2026-09-19 10:07:40] DONE  eval_B4_textfooler in 25.7 min
[2026-09-19 10:07:40] START eval_B0_textfooler_wsd  (log: /home/mudryi/phd_projects/ukr-adversarial-augmentation/results/pilot_unlp/logs/eval_B0_textfooler_wsd.log)
[2026-09-19 10:56:24] DONE  eval_B0_textfooler_wsd in 48.7 min
[2026-09-19 10:56:24] START eval_B2_textfooler_wsd  (log: /home/mudryi/phd_projects/ukr-adversarial-augmentation/results/pilot_unlp/logs/eval_B2_textfooler_wsd.log)
[2026-09-19 11:44:30] DONE  eval_B2_textfooler_wsd in 48.1 min
[2026-09-19 11:44:30] START eval_B3_textfooler_wsd  (log: /home/mudryi/phd_projects/ukr-adversarial-augmentation/results/pilot_unlp/logs/eval_B3_textfooler_wsd.log)
[2026-09-19 12:29:59] DONE  eval_B3_textfooler_wsd in 45.5 min
[2026-09-19 12:29:59] START eval_B4_textfooler_wsd  (log: /home/mudryi/phd_projects/ukr-adversarial-augmentation/results/pilot_unlp/logs/eval_B4_textfooler_wsd.log)
[2026-09-19 13:18:41] DONE  eval_B4_textfooler_wsd in 48.7 min
[2026-09-19 13:18:41] START eval_B0_bert_attack  (log: /home/mudryi/phd_projects/ukr-adversarial-augmentation/results/pilot_unlp/logs/eval_B0_bert_attack.log)
[2026-09-19 13:26:07] DONE  eval_B0_bert_attack in 7.4 min
[2026-09-19 13:26:07] START eval_B2_bert_attack  (log: /home/mudryi/phd_projects/ukr-adversarial-augmentation/results/pilot_unlp/logs/eval_B2_bert_attack.log)
[2026-09-19 13:33:30] DONE  eval_B2_bert_attack in 7.4 min
[2026-09-19 13:33:30] START eval_B3_bert_attack  (log: /home/mudryi/phd_projects/ukr-adversarial-augmentation/results/pilot_unlp/logs/eval_B3_bert_attack.log)
[2026-09-19 13:40:48] DONE  eval_B3_bert_attack in 7.3 min
[2026-09-19 13:40:48] START eval_B4_bert_attack  (log: /home/mudryi/phd_projects/ukr-adversarial-augmentation/results/pilot_unlp/logs/eval_B4_bert_attack.log)
[2026-09-19 13:48:23] DONE  eval_B4_bert_attack in 7.6 min
[2026-09-19 13:48:23] START aggregate  (log: /home/mudryi/phd_projects/ukr-adversarial-augmentation/results/pilot_unlp/logs/aggregate.log)
[2026-09-19 13:48:30] DONE  aggregate in 0.1 min
[2026-09-19 13:48:30] ==============================================================================
[2026-09-19 13:48:30] PILOT COMPLETE
[2026-09-19 13:48:30]   train_B0: ok
[2026-09-19 13:48:30]   baseline_sanity_check: ok
[2026-09-19 13:48:30]   generate_B2: ok
[2026-09-19 13:48:30]   generate_B3: ok
[2026-09-19 13:48:30]   generate_B4: ok
[2026-09-19 13:48:30]   train_B2: ok
[2026-09-19 13:48:30]   train_B3: ok
[2026-09-19 13:48:30]   train_B4: ok
[2026-09-19 13:48:30]   eval_B0_textfooler: ok
[2026-09-19 13:48:30]   eval_B2_textfooler: ok
[2026-09-19 13:48:30]   eval_B3_textfooler: ok
[2026-09-19 13:48:30]   eval_B4_textfooler: ok
[2026-09-19 13:48:30]   eval_B0_textfooler_wsd: ok
[2026-09-19 13:48:30]   eval_B2_textfooler_wsd: ok
[2026-09-19 13:48:30]   eval_B3_textfooler_wsd: ok
[2026-09-19 13:48:30]   eval_B4_textfooler_wsd: ok
[2026-09-19 13:48:30]   eval_B0_bert_attack: ok
[2026-09-19 13:48:30]   eval_B2_bert_attack: ok
[2026-09-19 13:48:30]   eval_B3_bert_attack: ok
[2026-09-19 13:48:30]   eval_B4_bert_attack: ok
[2026-09-19 13:48:30] metrics table: /home/mudryi/phd_projects/ukr-adversarial-augmentation/results/pilot_metrics.md
[2026-09-19 13:48:30] ==============================================================================
