/home/mudryi/phd_projects/ukr-synonym-robustness/dev_env/bin/python3 scripts/run_pilot.py --dataset unlp --model xlmr_base --pilot-root results/pilot_unlp --eval-n 1500 --num-epochs 4 --seed 2024 --conditions B0,B2,B3,B4 --min-baseline-macro-f1 0.50

[2026-09-19 02:45:44] ==============================================================================
[2026-09-19 02:45:44] Stage-A pilot: unlp x xlmr_base x seed 2024
[2026-09-19 02:45:44] clean_n=20000 ratio=0.5 caps=(3,6) eval_n=1500 conditions=['B0', 'B2', 'B3', 'B4']
[2026-09-19 02:45:44] ==============================================================================
[2026-09-19 02:45:44] SKIP subsample (exists: /home/mudryi/phd_projects/ukr-adversarial-augmentation/results/pilot_unlp/clean_train_subsample.csv)
[2026-09-19 02:45:44] START train_B0  (log: /home/mudryi/phd_projects/ukr-adversarial-augmentation/results/pilot_unlp/logs/train_B0.log)
[2026-09-19 02:46:43] DONE  train_B0 in 1.0 min
[2026-09-19 02:46:44] baseline sanity check OK: B0 eval macro-F1 = 0.773
[2026-09-19 02:46:44] START generate_B2  (log: /home/mudryi/phd_projects/ukr-adversarial-augmentation/results/pilot_unlp/logs/generate_B2.log)
[2026-09-19 02:50:06] DONE  generate_B2 in 3.4 min
[2026-09-19 02:50:06] START generate_B3  (log: /home/mudryi/phd_projects/ukr-adversarial-augmentation/results/pilot_unlp/logs/generate_B3.log)
[2026-09-19 02:52:56] DONE  generate_B3 in 2.8 min
[2026-09-19 02:52:56] START generate_B4  (log: /home/mudryi/phd_projects/ukr-adversarial-augmentation/results/pilot_unlp/logs/generate_B4.log)
[2026-09-19 03:01:22] DONE  generate_B4 in 8.4 min
[2026-09-19 03:01:22] START train_B2  (log: /home/mudryi/phd_projects/ukr-adversarial-augmentation/results/pilot_unlp/logs/train_B2.log)
[2026-09-19 03:02:46] DONE  train_B2 in 1.4 min
[2026-09-19 03:02:46] START train_B3  (log: /home/mudryi/phd_projects/ukr-adversarial-augmentation/results/pilot_unlp/logs/train_B3.log)
[2026-09-19 03:04:12] DONE  train_B3 in 1.4 min
[2026-09-19 03:04:12] START train_B4  (log: /home/mudryi/phd_projects/ukr-adversarial-augmentation/results/pilot_unlp/logs/train_B4.log)
[2026-09-19 03:05:38] DONE  train_B4 in 1.4 min
[2026-09-19 03:05:38] START eval_B0_textfooler  (log: /home/mudryi/phd_projects/ukr-adversarial-augmentation/results/pilot_unlp/logs/eval_B0_textfooler.log)
[2026-09-19 03:29:24] DONE  eval_B0_textfooler in 23.8 min
[2026-09-19 03:29:24] START eval_B2_textfooler  (log: /home/mudryi/phd_projects/ukr-adversarial-augmentation/results/pilot_unlp/logs/eval_B2_textfooler.log)
[2026-09-19 03:55:05] DONE  eval_B2_textfooler in 25.7 min
[2026-09-19 03:55:05] START eval_B3_textfooler  (log: /home/mudryi/phd_projects/ukr-adversarial-augmentation/results/pilot_unlp/logs/eval_B3_textfooler.log)
[2026-09-19 04:17:17] DONE  eval_B3_textfooler in 22.2 min
[2026-09-19 04:17:17] START eval_B4_textfooler  (log: /home/mudryi/phd_projects/ukr-adversarial-augmentation/results/pilot_unlp/logs/eval_B4_textfooler.log)
[2026-09-19 04:38:03] DONE  eval_B4_textfooler in 20.8 min
[2026-09-19 04:38:03] START eval_B0_textfooler_wsd  (log: /home/mudryi/phd_projects/ukr-adversarial-augmentation/results/pilot_unlp/logs/eval_B0_textfooler_wsd.log)
[2026-09-19 05:24:57] DONE  eval_B0_textfooler_wsd in 46.9 min
[2026-09-19 05:24:57] START eval_B2_textfooler_wsd  (log: /home/mudryi/phd_projects/ukr-adversarial-augmentation/results/pilot_unlp/logs/eval_B2_textfooler_wsd.log)
[2026-09-19 06:15:08] DONE  eval_B2_textfooler_wsd in 50.2 min
[2026-09-19 06:15:08] START eval_B3_textfooler_wsd  (log: /home/mudryi/phd_projects/ukr-adversarial-augmentation/results/pilot_unlp/logs/eval_B3_textfooler_wsd.log)
[2026-09-19 06:58:12] DONE  eval_B3_textfooler_wsd in 43.1 min
[2026-09-19 06:58:12] START eval_B4_textfooler_wsd  (log: /home/mudryi/phd_projects/ukr-adversarial-augmentation/results/pilot_unlp/logs/eval_B4_textfooler_wsd.log)
[2026-09-19 07:38:56] DONE  eval_B4_textfooler_wsd in 40.7 min
[2026-09-19 07:38:56] START eval_B0_bert_attack  (log: /home/mudryi/phd_projects/ukr-adversarial-augmentation/results/pilot_unlp/logs/eval_B0_bert_attack.log)
[2026-09-19 07:46:23] DONE  eval_B0_bert_attack in 7.5 min
[2026-09-19 07:46:23] START eval_B2_bert_attack  (log: /home/mudryi/phd_projects/ukr-adversarial-augmentation/results/pilot_unlp/logs/eval_B2_bert_attack.log)
[2026-09-19 07:53:59] DONE  eval_B2_bert_attack in 7.6 min
[2026-09-19 07:53:59] START eval_B3_bert_attack  (log: /home/mudryi/phd_projects/ukr-adversarial-augmentation/results/pilot_unlp/logs/eval_B3_bert_attack.log)
[2026-09-19 08:00:39] DONE  eval_B3_bert_attack in 6.7 min
[2026-09-19 08:00:39] START eval_B4_bert_attack  (log: /home/mudryi/phd_projects/ukr-adversarial-augmentation/results/pilot_unlp/logs/eval_B4_bert_attack.log)
[2026-09-19 08:08:09] DONE  eval_B4_bert_attack in 7.5 min
[2026-09-19 08:08:09] START aggregate  (log: /home/mudryi/phd_projects/ukr-adversarial-augmentation/results/pilot_unlp/logs/aggregate.log)
[2026-09-19 08:08:16] DONE  aggregate in 0.1 min
[2026-09-19 08:08:16] ==============================================================================
[2026-09-19 08:08:16] PILOT COMPLETE
[2026-09-19 08:08:16]   train_B0: ok
[2026-09-19 08:08:16]   baseline_sanity_check: ok
[2026-09-19 08:08:16]   generate_B2: ok
[2026-09-19 08:08:16]   generate_B3: ok
[2026-09-19 08:08:16]   generate_B4: ok
[2026-09-19 08:08:16]   train_B2: ok
[2026-09-19 08:08:16]   train_B3: ok
[2026-09-19 08:08:16]   train_B4: ok
[2026-09-19 08:08:16]   eval_B0_textfooler: ok
[2026-09-19 08:08:16]   eval_B2_textfooler: ok
[2026-09-19 08:08:16]   eval_B3_textfooler: ok
[2026-09-19 08:08:16]   eval_B4_textfooler: ok
[2026-09-19 08:08:16]   eval_B0_textfooler_wsd: ok
[2026-09-19 08:08:16]   eval_B2_textfooler_wsd: ok
[2026-09-19 08:08:16]   eval_B3_textfooler_wsd: ok
[2026-09-19 08:08:16]   eval_B4_textfooler_wsd: ok
[2026-09-19 08:08:16]   eval_B0_bert_attack: ok
[2026-09-19 08:08:16]   eval_B2_bert_attack: ok
[2026-09-19 08:08:16]   eval_B3_bert_attack: ok
[2026-09-19 08:08:16]   eval_B4_bert_attack: ok
[2026-09-19 08:08:16] metrics table: /home/mudryi/phd_projects/ukr-adversarial-augmentation/results/pilot_metrics.md
[2026-09-19 08:08:16] ==============================================================================
