/home/mudryi/phd_projects/ukr-synonym-robustness/dev_env/bin/python3 scripts/run_pilot.py --dataset reviews --model xlmr_base --eval-n 1500 --num-epochs 4 --seed 7 --pilot-root results/pilot_seed7 --conditions B0,B1,B2,B3,B4,B5

[2026-09-14 11:16:21] ==============================================================================
[2026-09-14 11:16:21] Stage-A pilot: reviews x xlmr_base x seed 7
[2026-09-14 11:16:21] clean_n=20000 ratio=0.5 caps=(3,6) eval_n=1500 conditions=['B0', 'B1', 'B2', 'B3', 'B4', 'B5']
[2026-09-14 11:16:21] ==============================================================================
[2026-09-14 11:16:22] wrote clean subsample: /home/mudryi/phd_projects/ukr-adversarial-augmentation/results/pilot_seed7/clean_train_subsample.csv (20000 rows of /home/mudryi/phd_projects/xml-roberta-finetune-reviews/cross_domain_uk_reviews/train_reviews.csv)
[2026-09-14 11:16:22] START train_B0  (log: /home/mudryi/phd_projects/ukr-adversarial-augmentation/results/pilot_seed7/logs/train_B0.log)
[2026-09-14 11:24:12] DONE  train_B0 in 7.8 min
[2026-09-14 11:24:12] baseline sanity check OK: B0 eval macro-F1 = 0.493
[2026-09-14 11:24:12] START generate_B1  (log: /home/mudryi/phd_projects/ukr-adversarial-augmentation/results/pilot_seed7/logs/generate_B1.log)
[2026-09-14 11:24:39] DONE  generate_B1 in 0.5 min
[2026-09-14 11:24:39] START generate_B2  (log: /home/mudryi/phd_projects/ukr-adversarial-augmentation/results/pilot_seed7/logs/generate_B2.log)
[2026-09-14 11:31:05] DONE  generate_B2 in 6.4 min
[2026-09-14 11:31:05] START generate_B3  (log: /home/mudryi/phd_projects/ukr-adversarial-augmentation/results/pilot_seed7/logs/generate_B3.log)
[2026-09-14 11:36:21] DONE  generate_B3 in 5.3 min
[2026-09-14 11:36:21] START generate_B4  (log: /home/mudryi/phd_projects/ukr-adversarial-augmentation/results/pilot_seed7/logs/generate_B4.log)
[2026-09-14 12:00:51] DONE  generate_B4 in 24.5 min
[2026-09-14 12:00:51] START generate_B5  (log: /home/mudryi/phd_projects/ukr-adversarial-augmentation/results/pilot_seed7/logs/generate_B5.log)
[2026-09-14 12:06:17] DONE  generate_B5 in 5.4 min
[2026-09-14 12:06:17] START train_B1  (log: /home/mudryi/phd_projects/ukr-adversarial-augmentation/results/pilot_seed7/logs/train_B1.log)
[2026-09-14 12:17:44] DONE  train_B1 in 11.5 min
[2026-09-14 12:17:44] START train_B2  (log: /home/mudryi/phd_projects/ukr-adversarial-augmentation/results/pilot_seed7/logs/train_B2.log)
[2026-09-14 12:29:21] DONE  train_B2 in 11.6 min
[2026-09-14 12:29:21] START train_B3  (log: /home/mudryi/phd_projects/ukr-adversarial-augmentation/results/pilot_seed7/logs/train_B3.log)
[2026-09-14 12:40:58] DONE  train_B3 in 11.6 min
[2026-09-14 12:40:58] START train_B4  (log: /home/mudryi/phd_projects/ukr-adversarial-augmentation/results/pilot_seed7/logs/train_B4.log)
[2026-09-14 12:52:29] DONE  train_B4 in 11.5 min
[2026-09-14 12:52:29] START train_B5  (log: /home/mudryi/phd_projects/ukr-adversarial-augmentation/results/pilot_seed7/logs/train_B5.log)
[2026-09-14 13:04:03] DONE  train_B5 in 11.6 min
[2026-09-14 13:04:03] START eval_B0_textfooler  (log: /home/mudryi/phd_projects/ukr-adversarial-augmentation/results/pilot_seed7/logs/eval_B0_textfooler.log)
[2026-09-14 13:15:30] DONE  eval_B0_textfooler in 11.5 min
[2026-09-14 13:15:30] START eval_B1_textfooler  (log: /home/mudryi/phd_projects/ukr-adversarial-augmentation/results/pilot_seed7/logs/eval_B1_textfooler.log)
[2026-09-14 13:26:24] DONE  eval_B1_textfooler in 10.9 min
[2026-09-14 13:26:24] START eval_B2_textfooler  (log: /home/mudryi/phd_projects/ukr-adversarial-augmentation/results/pilot_seed7/logs/eval_B2_textfooler.log)
[2026-09-14 13:37:37] DONE  eval_B2_textfooler in 11.2 min
[2026-09-14 13:37:37] START eval_B3_textfooler  (log: /home/mudryi/phd_projects/ukr-adversarial-augmentation/results/pilot_seed7/logs/eval_B3_textfooler.log)
[2026-09-14 13:48:41] DONE  eval_B3_textfooler in 11.1 min
[2026-09-14 13:48:41] START eval_B4_textfooler  (log: /home/mudryi/phd_projects/ukr-adversarial-augmentation/results/pilot_seed7/logs/eval_B4_textfooler.log)
[2026-09-14 14:01:03] DONE  eval_B4_textfooler in 12.4 min
[2026-09-14 14:01:03] START eval_B5_textfooler  (log: /home/mudryi/phd_projects/ukr-adversarial-augmentation/results/pilot_seed7/logs/eval_B5_textfooler.log)
[2026-09-14 14:09:56] DONE  eval_B5_textfooler in 8.9 min
[2026-09-14 14:09:56] START eval_B0_textfooler_wsd  (log: /home/mudryi/phd_projects/ukr-adversarial-augmentation/results/pilot_seed7/logs/eval_B0_textfooler_wsd.log)
[2026-09-14 14:43:47] DONE  eval_B0_textfooler_wsd in 33.9 min
[2026-09-14 14:43:47] START eval_B1_textfooler_wsd  (log: /home/mudryi/phd_projects/ukr-adversarial-augmentation/results/pilot_seed7/logs/eval_B1_textfooler_wsd.log)
[2026-09-14 15:15:04] DONE  eval_B1_textfooler_wsd in 31.3 min
[2026-09-14 15:15:04] START eval_B2_textfooler_wsd  (log: /home/mudryi/phd_projects/ukr-adversarial-augmentation/results/pilot_seed7/logs/eval_B2_textfooler_wsd.log)
[2026-09-14 16:02:02] DONE  eval_B2_textfooler_wsd in 47.0 min
[2026-09-14 16:02:02] START eval_B3_textfooler_wsd  (log: /home/mudryi/phd_projects/ukr-adversarial-augmentation/results/pilot_seed7/logs/eval_B3_textfooler_wsd.log)
[2026-09-14 16:49:23] DONE  eval_B3_textfooler_wsd in 47.3 min
[2026-09-14 16:49:23] START eval_B4_textfooler_wsd  (log: /home/mudryi/phd_projects/ukr-adversarial-augmentation/results/pilot_seed7/logs/eval_B4_textfooler_wsd.log)
[2026-09-14 17:41:03] DONE  eval_B4_textfooler_wsd in 51.7 min
[2026-09-14 17:41:03] START eval_B5_textfooler_wsd  (log: /home/mudryi/phd_projects/ukr-adversarial-augmentation/results/pilot_seed7/logs/eval_B5_textfooler_wsd.log)
[2026-09-14 18:20:09] DONE  eval_B5_textfooler_wsd in 39.1 min
[2026-09-14 18:20:09] START eval_B0_bert_attack  (log: /home/mudryi/phd_projects/ukr-adversarial-augmentation/results/pilot_seed7/logs/eval_B0_bert_attack.log)
[2026-09-14 18:42:13] DONE  eval_B0_bert_attack in 22.1 min
[2026-09-14 18:42:13] START eval_B1_bert_attack  (log: /home/mudryi/phd_projects/ukr-adversarial-augmentation/results/pilot_seed7/logs/eval_B1_bert_attack.log)
[2026-09-14 19:04:27] DONE  eval_B1_bert_attack in 22.2 min
[2026-09-14 19:04:27] START eval_B2_bert_attack  (log: /home/mudryi/phd_projects/ukr-adversarial-augmentation/results/pilot_seed7/logs/eval_B2_bert_attack.log)
[2026-09-14 19:26:24] DONE  eval_B2_bert_attack in 22.0 min
[2026-09-14 19:26:24] START eval_B3_bert_attack  (log: /home/mudryi/phd_projects/ukr-adversarial-augmentation/results/pilot_seed7/logs/eval_B3_bert_attack.log)
[2026-09-14 19:48:51] DONE  eval_B3_bert_attack in 22.5 min
[2026-09-14 19:48:52] START eval_B4_bert_attack  (log: /home/mudryi/phd_projects/ukr-adversarial-augmentation/results/pilot_seed7/logs/eval_B4_bert_attack.log)
[2026-09-14 20:11:07] DONE  eval_B4_bert_attack in 22.3 min
[2026-09-14 20:11:07] START eval_B5_bert_attack  (log: /home/mudryi/phd_projects/ukr-adversarial-augmentation/results/pilot_seed7/logs/eval_B5_bert_attack.log)
[2026-09-14 20:32:34] DONE  eval_B5_bert_attack in 21.4 min
[2026-09-14 20:32:34] START aggregate  (log: /home/mudryi/phd_projects/ukr-adversarial-augmentation/results/pilot_seed7/logs/aggregate.log)
[2026-09-14 20:32:38] DONE  aggregate in 0.1 min
[2026-09-14 20:32:38] ==============================================================================
[2026-09-14 20:32:38] PILOT COMPLETE
[2026-09-14 20:32:38]   train_B0: ok
[2026-09-14 20:32:38]   baseline_sanity_check: ok
[2026-09-14 20:32:38]   generate_B1: ok
[2026-09-14 20:32:38]   generate_B2: ok
[2026-09-14 20:32:38]   generate_B3: ok
[2026-09-14 20:32:38]   generate_B4: ok
[2026-09-14 20:32:38]   generate_B5: ok
[2026-09-14 20:32:38]   train_B1: ok
[2026-09-14 20:32:38]   train_B2: ok
[2026-09-14 20:32:38]   train_B3: ok
[2026-09-14 20:32:38]   train_B4: ok
[2026-09-14 20:32:38]   train_B5: ok
[2026-09-14 20:32:38]   eval_B0_textfooler: ok
[2026-09-14 20:32:38]   eval_B1_textfooler: ok
[2026-09-14 20:32:38]   eval_B2_textfooler: ok
[2026-09-14 20:32:38]   eval_B3_textfooler: ok
[2026-09-14 20:32:38]   eval_B4_textfooler: ok
[2026-09-14 20:32:38]   eval_B5_textfooler: ok
[2026-09-14 20:32:38]   eval_B0_textfooler_wsd: ok
[2026-09-14 20:32:38]   eval_B1_textfooler_wsd: ok
[2026-09-14 20:32:38]   eval_B2_textfooler_wsd: ok
[2026-09-14 20:32:38]   eval_B3_textfooler_wsd: ok
[2026-09-14 20:32:38]   eval_B4_textfooler_wsd: ok
[2026-09-14 20:32:38]   eval_B5_textfooler_wsd: ok
[2026-09-14 20:32:38]   eval_B0_bert_attack: ok
[2026-09-14 20:32:38]   eval_B1_bert_attack: ok
[2026-09-14 20:32:38]   eval_B2_bert_attack: ok
[2026-09-14 20:32:38]   eval_B3_bert_attack: ok
[2026-09-14 20:32:38]   eval_B4_bert_attack: ok
[2026-09-14 20:32:38]   eval_B5_bert_attack: ok
[2026-09-14 20:32:38] metrics table: /home/mudryi/phd_projects/ukr-adversarial-augmentation/results/pilot_metrics.md
[2026-09-14 20:32:38] ==============================================================================
