/home/mudryi/phd_projects/ukr-synonym-robustness/dev_env/bin/python3 scripts/run_pilot.py --dataset reviews --model xlmr_base --eval-n 1500 --num-epochs 4 --seed 1914 --pilot-root results/pilot_seed1914 --conditions B0,B1,B2,B3,B4,B5

[2026-09-13 23:15:32] ==============================================================================
[2026-09-13 23:15:32] Stage-A pilot: reviews x xlmr_base x seed 1914
[2026-09-13 23:15:32] clean_n=20000 ratio=0.5 caps=(3,6) eval_n=1500 conditions=['B0', 'B1', 'B2', 'B3', 'B4', 'B5']
[2026-09-13 23:15:32] ==============================================================================
[2026-09-13 23:15:32] SKIP subsample (exists: /home/mudryi/phd_projects/ukr-adversarial-augmentation/results/pilot_seed1914/clean_train_subsample.csv)
[2026-09-13 23:15:32] SKIP train B0 (finished checkpoint: /home/mudryi/phd_projects/ukr-adversarial-augmentation/results/pilot_seed1914/checkpoints/reviews__xlmr_base__B0__seed1914)
[2026-09-13 23:15:32] baseline sanity check OK: B0 eval macro-F1 = 0.484
[2026-09-13 23:15:32] SKIP generate B1 (exists: /home/mudryi/phd_projects/ukr-adversarial-augmentation/results/pilot_seed1914/augmented/reviews__xlmr_base__seed1914__B1__r0.5)
[2026-09-13 23:15:32] SKIP generate B2 (exists: /home/mudryi/phd_projects/ukr-adversarial-augmentation/results/pilot_seed1914/augmented/reviews__xlmr_base__seed1914__B2__r0.5)
[2026-09-13 23:15:32] SKIP generate B3 (exists: /home/mudryi/phd_projects/ukr-adversarial-augmentation/results/pilot_seed1914/augmented/reviews__xlmr_base__seed1914__B3__r0.5)
[2026-09-13 23:15:32] SKIP generate B4 (exists: /home/mudryi/phd_projects/ukr-adversarial-augmentation/results/pilot_seed1914/augmented/reviews__xlmr_base__seed1914__B4__r0.5)
[2026-09-13 23:15:32] SKIP generate B5 (exists: /home/mudryi/phd_projects/ukr-adversarial-augmentation/results/pilot_seed1914/augmented/reviews__xlmr_base__seed1914__B5__r0.5)
[2026-09-13 23:15:32] SKIP train B1 (finished checkpoint: /home/mudryi/phd_projects/ukr-adversarial-augmentation/results/pilot_seed1914/checkpoints/reviews__xlmr_base__B1__seed1914)
[2026-09-13 23:15:32] SKIP train B2 (finished checkpoint: /home/mudryi/phd_projects/ukr-adversarial-augmentation/results/pilot_seed1914/checkpoints/reviews__xlmr_base__B2__seed1914)
[2026-09-13 23:15:32] SKIP train B3 (finished checkpoint: /home/mudryi/phd_projects/ukr-adversarial-augmentation/results/pilot_seed1914/checkpoints/reviews__xlmr_base__B3__seed1914)
[2026-09-13 23:15:32] SKIP train B4 (finished checkpoint: /home/mudryi/phd_projects/ukr-adversarial-augmentation/results/pilot_seed1914/checkpoints/reviews__xlmr_base__B4__seed1914)
[2026-09-13 23:15:32] SKIP train B5 (finished checkpoint: /home/mudryi/phd_projects/ukr-adversarial-augmentation/results/pilot_seed1914/checkpoints/reviews__xlmr_base__B5__seed1914)
[2026-09-13 23:15:32] SKIP eval_B0_textfooler (exists: /home/mudryi/phd_projects/ukr-adversarial-augmentation/results/textfooler/reviews__xlmr_base__B0__seed1914)
[2026-09-13 23:15:32] SKIP eval_B1_textfooler (exists: /home/mudryi/phd_projects/ukr-adversarial-augmentation/results/textfooler/reviews__xlmr_base__B1__seed1914)
[2026-09-13 23:15:32] SKIP eval_B2_textfooler (exists: /home/mudryi/phd_projects/ukr-adversarial-augmentation/results/textfooler/reviews__xlmr_base__B2__seed1914)
[2026-09-13 23:15:32] SKIP eval_B3_textfooler (exists: /home/mudryi/phd_projects/ukr-adversarial-augmentation/results/textfooler/reviews__xlmr_base__B3__seed1914)
[2026-09-13 23:15:32] SKIP eval_B4_textfooler (exists: /home/mudryi/phd_projects/ukr-adversarial-augmentation/results/textfooler/reviews__xlmr_base__B4__seed1914)
[2026-09-13 23:15:32] SKIP eval_B5_textfooler (exists: /home/mudryi/phd_projects/ukr-adversarial-augmentation/results/textfooler/reviews__xlmr_base__B5__seed1914)
[2026-09-13 23:15:32] START eval_B0_textfooler_wsd  (log: /home/mudryi/phd_projects/ukr-adversarial-augmentation/results/pilot_seed1914/logs/eval_B0_textfooler_wsd.log)
[2026-09-13 23:47:17] DONE  eval_B0_textfooler_wsd in 31.8 min
[2026-09-13 23:47:17] START eval_B1_textfooler_wsd  (log: /home/mudryi/phd_projects/ukr-adversarial-augmentation/results/pilot_seed1914/logs/eval_B1_textfooler_wsd.log)
[2026-09-14 00:16:05] DONE  eval_B1_textfooler_wsd in 28.8 min
[2026-09-14 00:16:05] START eval_B2_textfooler_wsd  (log: /home/mudryi/phd_projects/ukr-adversarial-augmentation/results/pilot_seed1914/logs/eval_B2_textfooler_wsd.log)
[2026-09-14 00:46:10] DONE  eval_B2_textfooler_wsd in 30.1 min
[2026-09-14 00:46:10] START eval_B3_textfooler_wsd  (log: /home/mudryi/phd_projects/ukr-adversarial-augmentation/results/pilot_seed1914/logs/eval_B3_textfooler_wsd.log)
[2026-09-14 01:18:54] DONE  eval_B3_textfooler_wsd in 32.7 min
[2026-09-14 01:18:54] START eval_B4_textfooler_wsd  (log: /home/mudryi/phd_projects/ukr-adversarial-augmentation/results/pilot_seed1914/logs/eval_B4_textfooler_wsd.log)
[2026-09-14 01:52:21] DONE  eval_B4_textfooler_wsd in 33.4 min
[2026-09-14 01:52:21] START eval_B5_textfooler_wsd  (log: /home/mudryi/phd_projects/ukr-adversarial-augmentation/results/pilot_seed1914/logs/eval_B5_textfooler_wsd.log)
[2026-09-14 02:16:58] DONE  eval_B5_textfooler_wsd in 24.6 min
[2026-09-14 02:16:58] START eval_B0_bert_attack  (log: /home/mudryi/phd_projects/ukr-adversarial-augmentation/results/pilot_seed1914/logs/eval_B0_bert_attack.log)
[2026-09-14 02:31:14] DONE  eval_B0_bert_attack in 14.3 min
[2026-09-14 02:31:14] START eval_B1_bert_attack  (log: /home/mudryi/phd_projects/ukr-adversarial-augmentation/results/pilot_seed1914/logs/eval_B1_bert_attack.log)
[2026-09-14 02:44:30] DONE  eval_B1_bert_attack in 13.3 min
[2026-09-14 02:44:30] START eval_B2_bert_attack  (log: /home/mudryi/phd_projects/ukr-adversarial-augmentation/results/pilot_seed1914/logs/eval_B2_bert_attack.log)
[2026-09-14 02:57:48] DONE  eval_B2_bert_attack in 13.3 min
[2026-09-14 02:57:48] START eval_B3_bert_attack  (log: /home/mudryi/phd_projects/ukr-adversarial-augmentation/results/pilot_seed1914/logs/eval_B3_bert_attack.log)
[2026-09-14 03:10:48] DONE  eval_B3_bert_attack in 13.0 min
[2026-09-14 03:10:48] START eval_B4_bert_attack  (log: /home/mudryi/phd_projects/ukr-adversarial-augmentation/results/pilot_seed1914/logs/eval_B4_bert_attack.log)
[2026-09-14 03:24:51] DONE  eval_B4_bert_attack in 14.1 min
[2026-09-14 03:24:51] START eval_B5_bert_attack  (log: /home/mudryi/phd_projects/ukr-adversarial-augmentation/results/pilot_seed1914/logs/eval_B5_bert_attack.log)
[2026-09-14 03:37:47] DONE  eval_B5_bert_attack in 12.9 min
[2026-09-14 03:37:47] START aggregate  (log: /home/mudryi/phd_projects/ukr-adversarial-augmentation/results/pilot_seed1914/logs/aggregate.log)
[2026-09-14 03:37:48] DONE  aggregate in 0.0 min
[2026-09-14 03:37:48] ==============================================================================
[2026-09-14 03:37:48] PILOT COMPLETE
[2026-09-14 03:37:48]   train_B0: skipped
[2026-09-14 03:37:48]   baseline_sanity_check: ok
[2026-09-14 03:37:48]   generate_B1: skipped
[2026-09-14 03:37:48]   generate_B2: skipped
[2026-09-14 03:37:48]   generate_B3: skipped
[2026-09-14 03:37:48]   generate_B4: skipped
[2026-09-14 03:37:48]   generate_B5: skipped
[2026-09-14 03:37:48]   train_B1: skipped
[2026-09-14 03:37:48]   train_B2: skipped
[2026-09-14 03:37:48]   train_B3: skipped
[2026-09-14 03:37:48]   train_B4: skipped
[2026-09-14 03:37:48]   train_B5: skipped
[2026-09-14 03:37:48]   eval_B0_textfooler: skipped
[2026-09-14 03:37:48]   eval_B1_textfooler: skipped
[2026-09-14 03:37:48]   eval_B2_textfooler: skipped
[2026-09-14 03:37:48]   eval_B3_textfooler: skipped
[2026-09-14 03:37:48]   eval_B4_textfooler: skipped
[2026-09-14 03:37:48]   eval_B5_textfooler: skipped
[2026-09-14 03:37:48]   eval_B0_textfooler_wsd: ok
[2026-09-14 03:37:48]   eval_B1_textfooler_wsd: ok
[2026-09-14 03:37:48]   eval_B2_textfooler_wsd: ok
[2026-09-14 03:37:48]   eval_B3_textfooler_wsd: ok
[2026-09-14 03:37:48]   eval_B4_textfooler_wsd: ok
[2026-09-14 03:37:48]   eval_B5_textfooler_wsd: ok
[2026-09-14 03:37:48]   eval_B0_bert_attack: ok
[2026-09-14 03:37:48]   eval_B1_bert_attack: ok
[2026-09-14 03:37:48]   eval_B2_bert_attack: ok
[2026-09-14 03:37:48]   eval_B3_bert_attack: ok
[2026-09-14 03:37:48]   eval_B4_bert_attack: ok
[2026-09-14 03:37:48]   eval_B5_bert_attack: ok
[2026-09-14 03:37:48] metrics table: /home/mudryi/phd_projects/ukr-adversarial-augmentation/results/pilot_metrics.md
[2026-09-14 03:37:48] ==============================================================================
