/home/mudryi/phd_projects/ukr-synonym-robustness/dev_env/bin/python3 scripts/run_pilot.py --dataset reviews --model xlmr_base --eval-n 1500 --num-epochs 4 --seed 2024 --pilot-root results/pilot_seed2024 --conditions B0,B1,B2,B3,B4,B5

[2026-09-14 03:37:48] ==============================================================================
[2026-09-14 03:37:48] Stage-A pilot: reviews x xlmr_base x seed 2024
[2026-09-14 03:37:48] clean_n=20000 ratio=0.5 caps=(3,6) eval_n=1500 conditions=['B0', 'B1', 'B2', 'B3', 'B4', 'B5']
[2026-09-14 03:37:48] ==============================================================================
[2026-09-14 03:37:49] wrote clean subsample: /home/mudryi/phd_projects/ukr-adversarial-augmentation/results/pilot_seed2024/clean_train_subsample.csv (20000 rows of /home/mudryi/phd_projects/xml-roberta-finetune-reviews/cross_domain_uk_reviews/train_reviews.csv)
[2026-09-14 03:37:49] START train_B0  (log: /home/mudryi/phd_projects/ukr-adversarial-augmentation/results/pilot_seed2024/logs/train_B0.log)
[2026-09-14 03:45:32] DONE  train_B0 in 7.7 min
[2026-09-14 03:45:32] baseline sanity check OK: B0 eval macro-F1 = 0.492
[2026-09-14 03:45:32] START generate_B1  (log: /home/mudryi/phd_projects/ukr-adversarial-augmentation/results/pilot_seed2024/logs/generate_B1.log)
[2026-09-14 03:45:59] DONE  generate_B1 in 0.5 min
[2026-09-14 03:45:59] START generate_B2  (log: /home/mudryi/phd_projects/ukr-adversarial-augmentation/results/pilot_seed2024/logs/generate_B2.log)
[2026-09-14 03:52:29] DONE  generate_B2 in 6.5 min
[2026-09-14 03:52:29] START generate_B3  (log: /home/mudryi/phd_projects/ukr-adversarial-augmentation/results/pilot_seed2024/logs/generate_B3.log)
[2026-09-14 03:57:43] DONE  generate_B3 in 5.2 min
[2026-09-14 03:57:43] START generate_B4  (log: /home/mudryi/phd_projects/ukr-adversarial-augmentation/results/pilot_seed2024/logs/generate_B4.log)
[2026-09-14 04:22:21] DONE  generate_B4 in 24.6 min
[2026-09-14 04:22:21] START generate_B5  (log: /home/mudryi/phd_projects/ukr-adversarial-augmentation/results/pilot_seed2024/logs/generate_B5.log)
[2026-09-14 04:27:37] DONE  generate_B5 in 5.3 min
[2026-09-14 04:27:37] START train_B1  (log: /home/mudryi/phd_projects/ukr-adversarial-augmentation/results/pilot_seed2024/logs/train_B1.log)
[2026-09-14 04:39:12] DONE  train_B1 in 11.6 min
[2026-09-14 04:39:12] START train_B2  (log: /home/mudryi/phd_projects/ukr-adversarial-augmentation/results/pilot_seed2024/logs/train_B2.log)
[2026-09-14 04:50:45] DONE  train_B2 in 11.5 min
[2026-09-14 04:50:45] START train_B3  (log: /home/mudryi/phd_projects/ukr-adversarial-augmentation/results/pilot_seed2024/logs/train_B3.log)
[2026-09-14 05:02:21] DONE  train_B3 in 11.6 min
[2026-09-14 05:02:21] START train_B4  (log: /home/mudryi/phd_projects/ukr-adversarial-augmentation/results/pilot_seed2024/logs/train_B4.log)
[2026-09-14 05:13:49] DONE  train_B4 in 11.5 min
[2026-09-14 05:13:49] START train_B5  (log: /home/mudryi/phd_projects/ukr-adversarial-augmentation/results/pilot_seed2024/logs/train_B5.log)
[2026-09-14 05:25:26] DONE  train_B5 in 11.6 min
[2026-09-14 05:25:26] START eval_B0_textfooler  (log: /home/mudryi/phd_projects/ukr-adversarial-augmentation/results/pilot_seed2024/logs/eval_B0_textfooler.log)
[2026-09-14 05:36:20] DONE  eval_B0_textfooler in 10.9 min
[2026-09-14 05:36:20] START eval_B1_textfooler  (log: /home/mudryi/phd_projects/ukr-adversarial-augmentation/results/pilot_seed2024/logs/eval_B1_textfooler.log)
[2026-09-14 05:48:22] DONE  eval_B1_textfooler in 12.0 min
[2026-09-14 05:48:22] START eval_B2_textfooler  (log: /home/mudryi/phd_projects/ukr-adversarial-augmentation/results/pilot_seed2024/logs/eval_B2_textfooler.log)
[2026-09-14 05:59:56] DONE  eval_B2_textfooler in 11.6 min
[2026-09-14 05:59:56] START eval_B3_textfooler  (log: /home/mudryi/phd_projects/ukr-adversarial-augmentation/results/pilot_seed2024/logs/eval_B3_textfooler.log)
[2026-09-14 06:12:33] DONE  eval_B3_textfooler in 12.6 min
[2026-09-14 06:12:33] START eval_B4_textfooler  (log: /home/mudryi/phd_projects/ukr-adversarial-augmentation/results/pilot_seed2024/logs/eval_B4_textfooler.log)
[2026-09-14 06:25:02] DONE  eval_B4_textfooler in 12.5 min
[2026-09-14 06:25:02] START eval_B5_textfooler  (log: /home/mudryi/phd_projects/ukr-adversarial-augmentation/results/pilot_seed2024/logs/eval_B5_textfooler.log)
[2026-09-14 06:34:27] DONE  eval_B5_textfooler in 9.4 min
[2026-09-14 06:34:27] START eval_B0_textfooler_wsd  (log: /home/mudryi/phd_projects/ukr-adversarial-augmentation/results/pilot_seed2024/logs/eval_B0_textfooler_wsd.log)
[2026-09-14 07:06:11] DONE  eval_B0_textfooler_wsd in 31.7 min
[2026-09-14 07:06:11] START eval_B1_textfooler_wsd  (log: /home/mudryi/phd_projects/ukr-adversarial-augmentation/results/pilot_seed2024/logs/eval_B1_textfooler_wsd.log)
[2026-09-14 07:40:19] DONE  eval_B1_textfooler_wsd in 34.1 min
[2026-09-14 07:40:19] START eval_B2_textfooler_wsd  (log: /home/mudryi/phd_projects/ukr-adversarial-augmentation/results/pilot_seed2024/logs/eval_B2_textfooler_wsd.log)
[2026-09-14 08:13:55] DONE  eval_B2_textfooler_wsd in 33.6 min
[2026-09-14 08:13:55] START eval_B3_textfooler_wsd  (log: /home/mudryi/phd_projects/ukr-adversarial-augmentation/results/pilot_seed2024/logs/eval_B3_textfooler_wsd.log)
[2026-09-14 08:49:10] DONE  eval_B3_textfooler_wsd in 35.3 min
[2026-09-14 08:49:10] START eval_B4_textfooler_wsd  (log: /home/mudryi/phd_projects/ukr-adversarial-augmentation/results/pilot_seed2024/logs/eval_B4_textfooler_wsd.log)
[2026-09-14 09:25:25] DONE  eval_B4_textfooler_wsd in 36.3 min
[2026-09-14 09:25:25] START eval_B5_textfooler_wsd  (log: /home/mudryi/phd_projects/ukr-adversarial-augmentation/results/pilot_seed2024/logs/eval_B5_textfooler_wsd.log)
[2026-09-14 09:53:50] DONE  eval_B5_textfooler_wsd in 28.4 min
[2026-09-14 09:53:50] START eval_B0_bert_attack  (log: /home/mudryi/phd_projects/ukr-adversarial-augmentation/results/pilot_seed2024/logs/eval_B0_bert_attack.log)
[2026-09-14 10:07:14] DONE  eval_B0_bert_attack in 13.4 min
[2026-09-14 10:07:14] START eval_B1_bert_attack  (log: /home/mudryi/phd_projects/ukr-adversarial-augmentation/results/pilot_seed2024/logs/eval_B1_bert_attack.log)
[2026-09-14 10:20:53] DONE  eval_B1_bert_attack in 13.6 min
[2026-09-14 10:20:53] START eval_B2_bert_attack  (log: /home/mudryi/phd_projects/ukr-adversarial-augmentation/results/pilot_seed2024/logs/eval_B2_bert_attack.log)
[2026-09-14 10:34:56] DONE  eval_B2_bert_attack in 14.1 min
[2026-09-14 10:34:56] START eval_B3_bert_attack  (log: /home/mudryi/phd_projects/ukr-adversarial-augmentation/results/pilot_seed2024/logs/eval_B3_bert_attack.log)
[2026-09-14 10:48:28] DONE  eval_B3_bert_attack in 13.5 min
[2026-09-14 10:48:28] START eval_B4_bert_attack  (log: /home/mudryi/phd_projects/ukr-adversarial-augmentation/results/pilot_seed2024/logs/eval_B4_bert_attack.log)
[2026-09-14 11:02:19] DONE  eval_B4_bert_attack in 13.8 min
[2026-09-14 11:02:19] START eval_B5_bert_attack  (log: /home/mudryi/phd_projects/ukr-adversarial-augmentation/results/pilot_seed2024/logs/eval_B5_bert_attack.log)
[2026-09-14 11:16:19] DONE  eval_B5_bert_attack in 14.0 min
[2026-09-14 11:16:19] START aggregate  (log: /home/mudryi/phd_projects/ukr-adversarial-augmentation/results/pilot_seed2024/logs/aggregate.log)
[2026-09-14 11:16:21] DONE  aggregate in 0.0 min
[2026-09-14 11:16:21] ==============================================================================
[2026-09-14 11:16:21] PILOT COMPLETE
[2026-09-14 11:16:21]   train_B0: ok
[2026-09-14 11:16:21]   baseline_sanity_check: ok
[2026-09-14 11:16:21]   generate_B1: ok
[2026-09-14 11:16:21]   generate_B2: ok
[2026-09-14 11:16:21]   generate_B3: ok
[2026-09-14 11:16:21]   generate_B4: ok
[2026-09-14 11:16:21]   generate_B5: ok
[2026-09-14 11:16:21]   train_B1: ok
[2026-09-14 11:16:21]   train_B2: ok
[2026-09-14 11:16:21]   train_B3: ok
[2026-09-14 11:16:21]   train_B4: ok
[2026-09-14 11:16:21]   train_B5: ok
[2026-09-14 11:16:21]   eval_B0_textfooler: ok
[2026-09-14 11:16:21]   eval_B1_textfooler: ok
[2026-09-14 11:16:21]   eval_B2_textfooler: ok
[2026-09-14 11:16:21]   eval_B3_textfooler: ok
[2026-09-14 11:16:21]   eval_B4_textfooler: ok
[2026-09-14 11:16:21]   eval_B5_textfooler: ok
[2026-09-14 11:16:21]   eval_B0_textfooler_wsd: ok
[2026-09-14 11:16:21]   eval_B1_textfooler_wsd: ok
[2026-09-14 11:16:21]   eval_B2_textfooler_wsd: ok
[2026-09-14 11:16:21]   eval_B3_textfooler_wsd: ok
[2026-09-14 11:16:21]   eval_B4_textfooler_wsd: ok
[2026-09-14 11:16:21]   eval_B5_textfooler_wsd: ok
[2026-09-14 11:16:21]   eval_B0_bert_attack: ok
[2026-09-14 11:16:21]   eval_B1_bert_attack: ok
[2026-09-14 11:16:21]   eval_B2_bert_attack: ok
[2026-09-14 11:16:21]   eval_B3_bert_attack: ok
[2026-09-14 11:16:21]   eval_B4_bert_attack: ok
[2026-09-14 11:16:21]   eval_B5_bert_attack: ok
[2026-09-14 11:16:21] metrics table: /home/mudryi/phd_projects/ukr-adversarial-augmentation/results/pilot_metrics.md
[2026-09-14 11:16:21] ==============================================================================
