/home/mudryi/phd_projects/ukr-synonym-robustness/dev_env/bin/python3 scripts/run_pilot.py --dataset reviews --model xlmr_base --eval-n 1500 --num-epochs 4 --seed 2024 --pilot-root results/pilot_seed2024 --conditions B6,B7

[2026-09-15 00:09:43] ==============================================================================
[2026-09-15 00:09:43] Stage-A pilot: reviews x xlmr_base x seed 2024
[2026-09-15 00:09:43] clean_n=20000 ratio=0.5 caps=(3,6) eval_n=1500 conditions=['B6', 'B7']
[2026-09-15 00:09:43] ==============================================================================
[2026-09-15 00:09:43] SKIP subsample (exists: /home/mudryi/phd_projects/ukr-adversarial-augmentation/results/pilot_seed2024/clean_train_subsample.csv)
[2026-09-15 00:09:43] START generate_B6  (log: /home/mudryi/phd_projects/ukr-adversarial-augmentation/results/pilot_seed2024/logs/generate_B6.log)
[2026-09-15 00:36:24] DONE  generate_B6 in 26.7 min
[2026-09-15 00:36:24] START generate_B7  (log: /home/mudryi/phd_projects/ukr-adversarial-augmentation/results/pilot_seed2024/logs/generate_B7.log)
[2026-09-15 00:59:04] DONE  generate_B7 in 22.7 min
[2026-09-15 00:59:04] START train_B6  (log: /home/mudryi/phd_projects/ukr-adversarial-augmentation/results/pilot_seed2024/logs/train_B6.log)
[2026-09-15 01:09:36] DONE  train_B6 in 10.5 min
[2026-09-15 01:09:36] START train_B7  (log: /home/mudryi/phd_projects/ukr-adversarial-augmentation/results/pilot_seed2024/logs/train_B7.log)
[2026-09-15 01:21:12] DONE  train_B7 in 11.6 min
[2026-09-15 01:21:12] START eval_B6_textfooler  (log: /home/mudryi/phd_projects/ukr-adversarial-augmentation/results/pilot_seed2024/logs/eval_B6_textfooler.log)
[2026-09-15 01:31:45] DONE  eval_B6_textfooler in 10.6 min
[2026-09-15 01:31:45] START eval_B7_textfooler  (log: /home/mudryi/phd_projects/ukr-adversarial-augmentation/results/pilot_seed2024/logs/eval_B7_textfooler.log)
[2026-09-15 01:42:13] DONE  eval_B7_textfooler in 10.5 min
[2026-09-15 01:42:13] START eval_B6_textfooler_wsd  (log: /home/mudryi/phd_projects/ukr-adversarial-augmentation/results/pilot_seed2024/logs/eval_B6_textfooler_wsd.log)
[2026-09-15 02:13:43] DONE  eval_B6_textfooler_wsd in 31.5 min
[2026-09-15 02:13:43] START eval_B7_textfooler_wsd  (log: /home/mudryi/phd_projects/ukr-adversarial-augmentation/results/pilot_seed2024/logs/eval_B7_textfooler_wsd.log)
[2026-09-15 02:44:44] DONE  eval_B7_textfooler_wsd in 31.0 min
[2026-09-15 02:44:44] START eval_B6_bert_attack  (log: /home/mudryi/phd_projects/ukr-adversarial-augmentation/results/pilot_seed2024/logs/eval_B6_bert_attack.log)
[2026-09-15 02:58:56] DONE  eval_B6_bert_attack in 14.2 min
[2026-09-15 02:58:56] START eval_B7_bert_attack  (log: /home/mudryi/phd_projects/ukr-adversarial-augmentation/results/pilot_seed2024/logs/eval_B7_bert_attack.log)
[2026-09-15 03:12:12] DONE  eval_B7_bert_attack in 13.3 min
[2026-09-15 03:12:12] START aggregate  (log: /home/mudryi/phd_projects/ukr-adversarial-augmentation/results/pilot_seed2024/logs/aggregate.log)
[2026-09-15 03:12:14] DONE  aggregate in 0.0 min
[2026-09-15 03:12:14] ==============================================================================
[2026-09-15 03:12:14] PILOT COMPLETE
[2026-09-15 03:12:14]   generate_B6: ok
[2026-09-15 03:12:14]   generate_B7: ok
[2026-09-15 03:12:14]   train_B6: ok
[2026-09-15 03:12:14]   train_B7: ok
[2026-09-15 03:12:14]   eval_B6_textfooler: ok
[2026-09-15 03:12:14]   eval_B7_textfooler: ok
[2026-09-15 03:12:14]   eval_B6_textfooler_wsd: ok
[2026-09-15 03:12:14]   eval_B7_textfooler_wsd: ok
[2026-09-15 03:12:14]   eval_B6_bert_attack: ok
[2026-09-15 03:12:14]   eval_B7_bert_attack: ok
[2026-09-15 03:12:14] metrics table: /home/mudryi/phd_projects/ukr-adversarial-augmentation/results/pilot_metrics.md
[2026-09-15 03:12:14] ==============================================================================
