/home/mudryi/phd_projects/ukr-synonym-robustness/dev_env/bin/python3 scripts/run_pilot.py --dataset reviews --model xlmr_base --eval-n 1500 --num-epochs 4 --seed 1914 --pilot-root results/pilot_seed1914 --conditions B6,B7

[2026-09-14 20:32:39] ==============================================================================
[2026-09-14 20:32:39] Stage-A pilot: reviews x xlmr_base x seed 1914
[2026-09-14 20:32:39] clean_n=20000 ratio=0.5 caps=(3,6) eval_n=1500 conditions=['B6', 'B7']
[2026-09-14 20:32:39] ==============================================================================
[2026-09-14 20:32:39] SKIP subsample (exists: /home/mudryi/phd_projects/ukr-adversarial-augmentation/results/pilot_seed1914/clean_train_subsample.csv)
[2026-09-14 20:32:39] START generate_B6  (log: /home/mudryi/phd_projects/ukr-adversarial-augmentation/results/pilot_seed1914/logs/generate_B6.log)
[2026-09-14 21:06:45] DONE  generate_B6 in 34.1 min
[2026-09-14 21:06:45] START generate_B7  (log: /home/mudryi/phd_projects/ukr-adversarial-augmentation/results/pilot_seed1914/logs/generate_B7.log)
[2026-09-14 21:34:54] DONE  generate_B7 in 28.1 min
[2026-09-14 21:34:54] START train_B6  (log: /home/mudryi/phd_projects/ukr-adversarial-augmentation/results/pilot_seed1914/logs/train_B6.log)
[2026-09-14 21:46:45] DONE  train_B6 in 11.9 min
[2026-09-14 21:46:45] START train_B7  (log: /home/mudryi/phd_projects/ukr-adversarial-augmentation/results/pilot_seed1914/logs/train_B7.log)
[2026-09-14 21:58:41] DONE  train_B7 in 11.9 min
[2026-09-14 21:58:41] START eval_B6_textfooler  (log: /home/mudryi/phd_projects/ukr-adversarial-augmentation/results/pilot_seed1914/logs/eval_B6_textfooler.log)
[2026-09-14 22:08:56] DONE  eval_B6_textfooler in 10.3 min
[2026-09-14 22:08:56] START eval_B7_textfooler  (log: /home/mudryi/phd_projects/ukr-adversarial-augmentation/results/pilot_seed1914/logs/eval_B7_textfooler.log)
[2026-09-14 22:19:39] DONE  eval_B7_textfooler in 10.7 min
[2026-09-14 22:19:39] START eval_B6_textfooler_wsd  (log: /home/mudryi/phd_projects/ukr-adversarial-augmentation/results/pilot_seed1914/logs/eval_B6_textfooler_wsd.log)
[2026-09-14 22:50:15] DONE  eval_B6_textfooler_wsd in 30.6 min
[2026-09-14 22:50:15] START eval_B7_textfooler_wsd  (log: /home/mudryi/phd_projects/ukr-adversarial-augmentation/results/pilot_seed1914/logs/eval_B7_textfooler_wsd.log)
[2026-09-14 23:25:33] DONE  eval_B7_textfooler_wsd in 35.3 min
[2026-09-14 23:25:33] START eval_B6_bert_attack  (log: /home/mudryi/phd_projects/ukr-adversarial-augmentation/results/pilot_seed1914/logs/eval_B6_bert_attack.log)
[2026-09-14 23:47:25] DONE  eval_B6_bert_attack in 21.9 min
[2026-09-14 23:47:25] START eval_B7_bert_attack  (log: /home/mudryi/phd_projects/ukr-adversarial-augmentation/results/pilot_seed1914/logs/eval_B7_bert_attack.log)
[2026-09-15 00:09:38] DONE  eval_B7_bert_attack in 22.2 min
[2026-09-15 00:09:38] START aggregate  (log: /home/mudryi/phd_projects/ukr-adversarial-augmentation/results/pilot_seed1914/logs/aggregate.log)
[2026-09-15 00:09:42] DONE  aggregate in 0.1 min
[2026-09-15 00:09:42] ==============================================================================
[2026-09-15 00:09:42] PILOT COMPLETE
[2026-09-15 00:09:42]   generate_B6: ok
[2026-09-15 00:09:42]   generate_B7: ok
[2026-09-15 00:09:42]   train_B6: ok
[2026-09-15 00:09:42]   train_B7: ok
[2026-09-15 00:09:42]   eval_B6_textfooler: ok
[2026-09-15 00:09:42]   eval_B7_textfooler: ok
[2026-09-15 00:09:42]   eval_B6_textfooler_wsd: ok
[2026-09-15 00:09:42]   eval_B7_textfooler_wsd: ok
[2026-09-15 00:09:42]   eval_B6_bert_attack: ok
[2026-09-15 00:09:42]   eval_B7_bert_attack: ok
[2026-09-15 00:09:42] metrics table: /home/mudryi/phd_projects/ukr-adversarial-augmentation/results/pilot_metrics.md
[2026-09-15 00:09:42] ==============================================================================
