/home/mudryi/phd_projects/ukr-synonym-robustness/dev_env/bin/python3 scripts/run_pilot.py --dataset reviews --model xlmr_base --eval-n 1500 --num-epochs 4 --seed 7 --pilot-root results/pilot_seed7 --variant pool10x20 --max-tokens 10 --max-candidates 20 --conditions B3,B4,B5

[2026-09-16 22:32:01] ==============================================================================
[2026-09-16 22:32:01] Stage-A pilot: reviews x xlmr_base x seed 7
[2026-09-16 22:32:01] clean_n=20000 ratio=0.5 caps=(10,20) eval_n=1500 conditions=['B3', 'B4', 'B5']
[2026-09-16 22:32:01] ==============================================================================
[2026-09-16 22:32:01] SKIP subsample (exists: /home/mudryi/phd_projects/ukr-adversarial-augmentation/results/pilot_seed7/clean_train_subsample.csv)
[2026-09-16 22:32:01] START generate_B3  (log: /home/mudryi/phd_projects/ukr-adversarial-augmentation/results/pilot_seed7/logs/generate_B3.log)
[2026-09-16 22:58:38] DONE  generate_B3 in 26.6 min
[2026-09-16 22:58:38] START generate_B4  (log: /home/mudryi/phd_projects/ukr-adversarial-augmentation/results/pilot_seed7/logs/generate_B4.log)
[2026-09-17 01:30:30] DONE  generate_B4 in 151.9 min
[2026-09-17 01:30:30] START generate_B5  (log: /home/mudryi/phd_projects/ukr-adversarial-augmentation/results/pilot_seed7/logs/generate_B5.log)
[2026-09-17 01:57:35] DONE  generate_B5 in 27.1 min
[2026-09-17 01:57:35] START train_B3  (log: /home/mudryi/phd_projects/ukr-adversarial-augmentation/results/pilot_seed7/logs/train_B3.log)
[2026-09-17 02:09:06] DONE  train_B3 in 11.5 min
[2026-09-17 02:09:06] START train_B4  (log: /home/mudryi/phd_projects/ukr-adversarial-augmentation/results/pilot_seed7/logs/train_B4.log)
[2026-09-17 02:19:04] DONE  train_B4 in 10.0 min
[2026-09-17 02:19:04] START train_B5  (log: /home/mudryi/phd_projects/ukr-adversarial-augmentation/results/pilot_seed7/logs/train_B5.log)
[2026-09-17 02:30:38] DONE  train_B5 in 11.6 min
[2026-09-17 02:30:38] START eval_B3_textfooler  (log: /home/mudryi/phd_projects/ukr-adversarial-augmentation/results/pilot_seed7/logs/eval_B3_textfooler.log)
[2026-09-17 02:42:50] DONE  eval_B3_textfooler in 12.2 min
[2026-09-17 02:42:50] START eval_B4_textfooler  (log: /home/mudryi/phd_projects/ukr-adversarial-augmentation/results/pilot_seed7/logs/eval_B4_textfooler.log)
[2026-09-17 02:55:46] DONE  eval_B4_textfooler in 12.9 min
[2026-09-17 02:55:46] START eval_B5_textfooler  (log: /home/mudryi/phd_projects/ukr-adversarial-augmentation/results/pilot_seed7/logs/eval_B5_textfooler.log)
[2026-09-17 03:04:19] DONE  eval_B5_textfooler in 8.5 min
[2026-09-17 03:04:19] START eval_B3_textfooler_wsd  (log: /home/mudryi/phd_projects/ukr-adversarial-augmentation/results/pilot_seed7/logs/eval_B3_textfooler_wsd.log)
[2026-09-17 03:37:46] DONE  eval_B3_textfooler_wsd in 33.4 min
[2026-09-17 03:37:46] START eval_B4_textfooler_wsd  (log: /home/mudryi/phd_projects/ukr-adversarial-augmentation/results/pilot_seed7/logs/eval_B4_textfooler_wsd.log)
[2026-09-17 04:14:05] DONE  eval_B4_textfooler_wsd in 36.3 min
[2026-09-17 04:14:05] START eval_B5_textfooler_wsd  (log: /home/mudryi/phd_projects/ukr-adversarial-augmentation/results/pilot_seed7/logs/eval_B5_textfooler_wsd.log)
[2026-09-17 04:38:47] DONE  eval_B5_textfooler_wsd in 24.7 min
[2026-09-17 04:38:47] START eval_B3_bert_attack  (log: /home/mudryi/phd_projects/ukr-adversarial-augmentation/results/pilot_seed7/logs/eval_B3_bert_attack.log)
[2026-09-17 04:52:35] DONE  eval_B3_bert_attack in 13.8 min
[2026-09-17 04:52:35] START eval_B4_bert_attack  (log: /home/mudryi/phd_projects/ukr-adversarial-augmentation/results/pilot_seed7/logs/eval_B4_bert_attack.log)
[2026-09-17 05:06:47] DONE  eval_B4_bert_attack in 14.2 min
[2026-09-17 05:06:47] START eval_B5_bert_attack  (log: /home/mudryi/phd_projects/ukr-adversarial-augmentation/results/pilot_seed7/logs/eval_B5_bert_attack.log)
[2026-09-17 05:20:19] DONE  eval_B5_bert_attack in 13.5 min
[2026-09-17 05:20:19] START aggregate  (log: /home/mudryi/phd_projects/ukr-adversarial-augmentation/results/pilot_seed7/logs/aggregate.log)
[2026-09-17 05:20:24] FAILED aggregate after 0.1 min (exit 1) -- see /home/mudryi/phd_projects/ukr-adversarial-augmentation/results/pilot_seed7/logs/aggregate.log
[2026-09-17 05:20:24] ==============================================================================
[2026-09-17 05:20:24] PILOT COMPLETE
[2026-09-17 05:20:24]   generate_B3: ok
[2026-09-17 05:20:24]   generate_B4: ok
[2026-09-17 05:20:24]   generate_B5: ok
[2026-09-17 05:20:24]   train_B3: ok
[2026-09-17 05:20:24]   train_B4: ok
[2026-09-17 05:20:24]   train_B5: ok
[2026-09-17 05:20:24]   eval_B3_textfooler: ok
[2026-09-17 05:20:24]   eval_B4_textfooler: ok
[2026-09-17 05:20:24]   eval_B5_textfooler: ok
[2026-09-17 05:20:24]   eval_B3_textfooler_wsd: ok
[2026-09-17 05:20:24]   eval_B4_textfooler_wsd: ok
[2026-09-17 05:20:24]   eval_B5_textfooler_wsd: ok
[2026-09-17 05:20:24]   eval_B3_bert_attack: ok
[2026-09-17 05:20:24]   eval_B4_bert_attack: ok
[2026-09-17 05:20:24]   eval_B5_bert_attack: ok
[2026-09-17 05:20:24] metrics table: /home/mudryi/phd_projects/ukr-adversarial-augmentation/results/pilot_metrics.md
[2026-09-17 05:20:24] ==============================================================================
