/home/mudryi/phd_projects/ukr-synonym-robustness/dev_env/bin/python3 scripts/run_pilot.py --dataset reviews --model xlmr_base --eval-n 1500 --num-epochs 4 --seed 1914 --pilot-root results/pilot_seed1914 --variant pool10x20 --max-tokens 10 --max-candidates 20 --conditions B3,B4,B5

[2026-09-15 06:12:24] ==============================================================================
[2026-09-15 06:12:24] Stage-A pilot: reviews x xlmr_base x seed 1914
[2026-09-15 06:12:24] clean_n=20000 ratio=0.5 caps=(10,20) eval_n=1500 conditions=['B3', 'B4', 'B5']
[2026-09-15 06:12:24] ==============================================================================
[2026-09-15 06:12:24] SKIP subsample (exists: /home/mudryi/phd_projects/ukr-adversarial-augmentation/results/pilot_seed1914/clean_train_subsample.csv)
[2026-09-15 06:12:24] START generate_B3  (log: /home/mudryi/phd_projects/ukr-adversarial-augmentation/results/pilot_seed1914/logs/generate_B3.log)
[2026-09-15 06:38:20] DONE  generate_B3 in 25.9 min
[2026-09-15 06:38:20] START generate_B4  (log: /home/mudryi/phd_projects/ukr-adversarial-augmentation/results/pilot_seed1914/logs/generate_B4.log)
[2026-09-15 08:26:19] DONE  generate_B4 in 108.0 min
[2026-09-15 08:26:19] START generate_B5  (log: /home/mudryi/phd_projects/ukr-adversarial-augmentation/results/pilot_seed1914/logs/generate_B5.log)
[2026-09-15 08:52:19] DONE  generate_B5 in 26.0 min
[2026-09-15 08:52:19] START train_B3  (log: /home/mudryi/phd_projects/ukr-adversarial-augmentation/results/pilot_seed1914/logs/train_B3.log)
[2026-09-15 09:03:53] DONE  train_B3 in 11.6 min
[2026-09-15 09:03:53] START train_B4  (log: /home/mudryi/phd_projects/ukr-adversarial-augmentation/results/pilot_seed1914/logs/train_B4.log)
[2026-09-15 09:15:24] DONE  train_B4 in 11.5 min
[2026-09-15 09:15:24] START train_B5  (log: /home/mudryi/phd_projects/ukr-adversarial-augmentation/results/pilot_seed1914/logs/train_B5.log)
[2026-09-15 09:26:54] DONE  train_B5 in 11.5 min
[2026-09-15 09:26:54] START eval_B3_textfooler  (log: /home/mudryi/phd_projects/ukr-adversarial-augmentation/results/pilot_seed1914/logs/eval_B3_textfooler.log)
[2026-09-15 09:37:38] DONE  eval_B3_textfooler in 10.7 min
[2026-09-15 09:37:38] START eval_B4_textfooler  (log: /home/mudryi/phd_projects/ukr-adversarial-augmentation/results/pilot_seed1914/logs/eval_B4_textfooler.log)
[2026-09-15 09:49:14] DONE  eval_B4_textfooler in 11.6 min
[2026-09-15 09:49:14] START eval_B5_textfooler  (log: /home/mudryi/phd_projects/ukr-adversarial-augmentation/results/pilot_seed1914/logs/eval_B5_textfooler.log)
[2026-09-15 09:56:46] DONE  eval_B5_textfooler in 7.5 min
[2026-09-15 09:56:46] START eval_B3_textfooler_wsd  (log: /home/mudryi/phd_projects/ukr-adversarial-augmentation/results/pilot_seed1914/logs/eval_B3_textfooler_wsd.log)
[2026-09-15 10:27:26] DONE  eval_B3_textfooler_wsd in 30.7 min
[2026-09-15 10:27:26] START eval_B4_textfooler_wsd  (log: /home/mudryi/phd_projects/ukr-adversarial-augmentation/results/pilot_seed1914/logs/eval_B4_textfooler_wsd.log)
[2026-09-15 10:59:54] DONE  eval_B4_textfooler_wsd in 32.5 min
[2026-09-15 10:59:54] START eval_B5_textfooler_wsd  (log: /home/mudryi/phd_projects/ukr-adversarial-augmentation/results/pilot_seed1914/logs/eval_B5_textfooler_wsd.log)
[2026-09-15 11:22:37] DONE  eval_B5_textfooler_wsd in 22.7 min
[2026-09-15 11:22:37] START eval_B3_bert_attack  (log: /home/mudryi/phd_projects/ukr-adversarial-augmentation/results/pilot_seed1914/logs/eval_B3_bert_attack.log)
[2026-09-15 11:36:10] DONE  eval_B3_bert_attack in 13.5 min
[2026-09-15 11:36:10] START eval_B4_bert_attack  (log: /home/mudryi/phd_projects/ukr-adversarial-augmentation/results/pilot_seed1914/logs/eval_B4_bert_attack.log)
[2026-09-15 11:49:32] DONE  eval_B4_bert_attack in 13.4 min
[2026-09-15 11:49:32] START eval_B5_bert_attack  (log: /home/mudryi/phd_projects/ukr-adversarial-augmentation/results/pilot_seed1914/logs/eval_B5_bert_attack.log)
[2026-09-15 12:03:00] DONE  eval_B5_bert_attack in 13.5 min
[2026-09-15 12:03:00] START aggregate  (log: /home/mudryi/phd_projects/ukr-adversarial-augmentation/results/pilot_seed1914/logs/aggregate.log)
[2026-09-15 12:03:06] DONE  aggregate in 0.1 min
[2026-09-15 12:03:06] ==============================================================================
[2026-09-15 12:03:06] PILOT COMPLETE
[2026-09-15 12:03:06]   generate_B3: ok
[2026-09-15 12:03:06]   generate_B4: ok
[2026-09-15 12:03:06]   generate_B5: ok
[2026-09-15 12:03:06]   train_B3: ok
[2026-09-15 12:03:06]   train_B4: ok
[2026-09-15 12:03:06]   train_B5: ok
[2026-09-15 12:03:06]   eval_B3_textfooler: ok
[2026-09-15 12:03:06]   eval_B4_textfooler: ok
[2026-09-15 12:03:06]   eval_B5_textfooler: ok
[2026-09-15 12:03:06]   eval_B3_textfooler_wsd: ok
[2026-09-15 12:03:06]   eval_B4_textfooler_wsd: ok
[2026-09-15 12:03:06]   eval_B5_textfooler_wsd: ok
[2026-09-15 12:03:06]   eval_B3_bert_attack: ok
[2026-09-15 12:03:06]   eval_B4_bert_attack: ok
[2026-09-15 12:03:06]   eval_B5_bert_attack: ok
[2026-09-15 12:03:06] metrics table: /home/mudryi/phd_projects/ukr-adversarial-augmentation/results/pilot_metrics.md
[2026-09-15 12:03:06] ==============================================================================
