/home/mudryi/phd_projects/ukr-synonym-robustness/dev_env/bin/python3 scripts/run_pilot.py --dataset news --model xlmr_base --pilot-root results/pilot_news --eval-n 1500 --num-epochs 4 --seed 1914 --conditions B0,B2,B3,B4 --min-baseline-macro-f1 0.50

[2026-09-16 08:18:08] ==============================================================================
[2026-09-16 08:18:08] Stage-A pilot: news x xlmr_base x seed 1914
[2026-09-16 08:18:08] clean_n=20000 ratio=0.5 caps=(3,6) eval_n=1500 conditions=['B0', 'B2', 'B3', 'B4']
[2026-09-16 08:18:08] ==============================================================================
[2026-09-16 08:18:11] wrote clean subsample: /home/mudryi/phd_projects/ukr-adversarial-augmentation/results/pilot_news/clean_train_subsample.csv (20000 rows of /home/mudryi/phd_projects/xml-roberta-finetune-reviews/ua-news/train.csv)
[2026-09-16 08:18:11] START train_B0  (log: /home/mudryi/phd_projects/ukr-adversarial-augmentation/results/pilot_news/logs/train_B0.log)
[2026-09-16 08:29:01] DONE  train_B0 in 10.8 min
[2026-09-16 08:29:01] baseline sanity check OK: B0 eval macro-F1 = 0.897
[2026-09-16 08:29:01] START generate_B2  (log: /home/mudryi/phd_projects/ukr-adversarial-augmentation/results/pilot_news/logs/generate_B2.log)
[2026-09-16 08:34:57] DONE  generate_B2 in 5.9 min
[2026-09-16 08:34:57] START generate_B3  (log: /home/mudryi/phd_projects/ukr-adversarial-augmentation/results/pilot_news/logs/generate_B3.log)
[2026-09-16 08:37:37] DONE  generate_B3 in 2.7 min
[2026-09-16 08:37:37] START generate_B4  (log: /home/mudryi/phd_projects/ukr-adversarial-augmentation/results/pilot_news/logs/generate_B4.log)
[2026-09-16 08:56:24] DONE  generate_B4 in 18.8 min
[2026-09-16 08:56:24] START train_B2  (log: /home/mudryi/phd_projects/ukr-adversarial-augmentation/results/pilot_news/logs/train_B2.log)
[2026-09-16 09:12:24] DONE  train_B2 in 16.0 min
[2026-09-16 09:12:24] START train_B3  (log: /home/mudryi/phd_projects/ukr-adversarial-augmentation/results/pilot_news/logs/train_B3.log)
[2026-09-16 09:28:32] DONE  train_B3 in 16.1 min
[2026-09-16 09:28:32] START train_B4  (log: /home/mudryi/phd_projects/ukr-adversarial-augmentation/results/pilot_news/logs/train_B4.log)
[2026-09-16 09:44:37] DONE  train_B4 in 16.1 min
[2026-09-16 09:44:37] START eval_B0_textfooler  (log: /home/mudryi/phd_projects/ukr-adversarial-augmentation/results/pilot_news/logs/eval_B0_textfooler.log)
[2026-09-16 09:48:12] DONE  eval_B0_textfooler in 3.6 min
[2026-09-16 09:48:12] START eval_B2_textfooler  (log: /home/mudryi/phd_projects/ukr-adversarial-augmentation/results/pilot_news/logs/eval_B2_textfooler.log)
[2026-09-16 09:51:44] DONE  eval_B2_textfooler in 3.5 min
[2026-09-16 09:51:44] START eval_B3_textfooler  (log: /home/mudryi/phd_projects/ukr-adversarial-augmentation/results/pilot_news/logs/eval_B3_textfooler.log)
[2026-09-16 09:55:17] DONE  eval_B3_textfooler in 3.6 min
[2026-09-16 09:55:17] START eval_B4_textfooler  (log: /home/mudryi/phd_projects/ukr-adversarial-augmentation/results/pilot_news/logs/eval_B4_textfooler.log)
[2026-09-16 09:58:53] DONE  eval_B4_textfooler in 3.6 min
[2026-09-16 09:58:53] START eval_B0_textfooler_wsd  (log: /home/mudryi/phd_projects/ukr-adversarial-augmentation/results/pilot_news/logs/eval_B0_textfooler_wsd.log)
[2026-09-16 10:11:42] DONE  eval_B0_textfooler_wsd in 12.8 min
[2026-09-16 10:11:42] START eval_B2_textfooler_wsd  (log: /home/mudryi/phd_projects/ukr-adversarial-augmentation/results/pilot_news/logs/eval_B2_textfooler_wsd.log)
[2026-09-16 10:24:14] DONE  eval_B2_textfooler_wsd in 12.5 min
[2026-09-16 10:24:14] START eval_B3_textfooler_wsd  (log: /home/mudryi/phd_projects/ukr-adversarial-augmentation/results/pilot_news/logs/eval_B3_textfooler_wsd.log)
[2026-09-16 10:37:07] DONE  eval_B3_textfooler_wsd in 12.9 min
[2026-09-16 10:37:07] START eval_B4_textfooler_wsd  (log: /home/mudryi/phd_projects/ukr-adversarial-augmentation/results/pilot_news/logs/eval_B4_textfooler_wsd.log)
[2026-09-16 10:49:54] DONE  eval_B4_textfooler_wsd in 12.8 min
[2026-09-16 10:49:54] START eval_B0_bert_attack  (log: /home/mudryi/phd_projects/ukr-adversarial-augmentation/results/pilot_news/logs/eval_B0_bert_attack.log)
[2026-09-16 10:55:03] DONE  eval_B0_bert_attack in 5.1 min
[2026-09-16 10:55:03] START eval_B2_bert_attack  (log: /home/mudryi/phd_projects/ukr-adversarial-augmentation/results/pilot_news/logs/eval_B2_bert_attack.log)
[2026-09-16 11:00:18] DONE  eval_B2_bert_attack in 5.2 min
[2026-09-16 11:00:18] START eval_B3_bert_attack  (log: /home/mudryi/phd_projects/ukr-adversarial-augmentation/results/pilot_news/logs/eval_B3_bert_attack.log)
[2026-09-16 11:05:26] DONE  eval_B3_bert_attack in 5.1 min
[2026-09-16 11:05:26] START eval_B4_bert_attack  (log: /home/mudryi/phd_projects/ukr-adversarial-augmentation/results/pilot_news/logs/eval_B4_bert_attack.log)
[2026-09-16 11:10:43] DONE  eval_B4_bert_attack in 5.3 min
[2026-09-16 11:10:43] START aggregate  (log: /home/mudryi/phd_projects/ukr-adversarial-augmentation/results/pilot_news/logs/aggregate.log)
[2026-09-16 11:10:47] DONE  aggregate in 0.1 min
[2026-09-16 11:10:47] ==============================================================================
[2026-09-16 11:10:47] PILOT COMPLETE
[2026-09-16 11:10:47]   train_B0: ok
[2026-09-16 11:10:47]   baseline_sanity_check: ok
[2026-09-16 11:10:47]   generate_B2: ok
[2026-09-16 11:10:47]   generate_B3: ok
[2026-09-16 11:10:47]   generate_B4: ok
[2026-09-16 11:10:47]   train_B2: ok
[2026-09-16 11:10:47]   train_B3: ok
[2026-09-16 11:10:47]   train_B4: ok
[2026-09-16 11:10:47]   eval_B0_textfooler: ok
[2026-09-16 11:10:47]   eval_B2_textfooler: ok
[2026-09-16 11:10:47]   eval_B3_textfooler: ok
[2026-09-16 11:10:47]   eval_B4_textfooler: ok
[2026-09-16 11:10:47]   eval_B0_textfooler_wsd: ok
[2026-09-16 11:10:47]   eval_B2_textfooler_wsd: ok
[2026-09-16 11:10:47]   eval_B3_textfooler_wsd: ok
[2026-09-16 11:10:47]   eval_B4_textfooler_wsd: ok
[2026-09-16 11:10:47]   eval_B0_bert_attack: ok
[2026-09-16 11:10:47]   eval_B2_bert_attack: ok
[2026-09-16 11:10:47]   eval_B3_bert_attack: ok
[2026-09-16 11:10:47]   eval_B4_bert_attack: ok
[2026-09-16 11:10:47] metrics table: /home/mudryi/phd_projects/ukr-adversarial-augmentation/results/pilot_metrics.md
[2026-09-16 11:10:47] ==============================================================================
