[2026-09-13 19:41:49] ==============================================================================
[2026-09-13 19:41:49] CAMPAIGN : 15 stage(s)
[2026-09-13 19:41:49] ==============================================================================
[2026-09-13 19:41:49] [1/15] START S1_main_seed1914 -- Main grid B0-B5, seed 1914 (adds the argmin control B5)
[2026-09-13 19:41:49]             log: /home/mudryi/phd_projects/ukr-adversarial-augmentation/results/campaign_logs/S1_main_seed1914.log
[2026-09-13 23:15:31] ==============================================================================
[2026-09-13 23:15:31] CAMPAIGN : 15 stage(s)
[2026-09-13 23:15:31] ==============================================================================
[2026-09-13 23:15:31] [1/15] START S1_main_seed1914 -- Main grid B0-B5, seed 1914 (adds the argmin control B5)
[2026-09-13 23:15:31]             log: /home/mudryi/phd_projects/ukr-adversarial-augmentation/results/campaign_logs/S1_main_seed1914.log
[2026-09-14 03:37:48] [1/15] DONE  S1_main_seed1914 in 4.4 h
[2026-09-14 03:37:48] [2/15] START S1_main_seed2024 -- Main grid B0-B5, seed 2024 (adds the argmin control B5)
[2026-09-14 03:37:48]             log: /home/mudryi/phd_projects/ukr-adversarial-augmentation/results/campaign_logs/S1_main_seed2024.log
[2026-09-14 11:16:21] [2/15] DONE  S1_main_seed2024 in 7.6 h
[2026-09-14 11:16:21] [3/15] START S1_main_seed7 -- Main grid B0-B5, seed 7 (adds the argmin control B5)
[2026-09-14 11:16:21]             log: /home/mudryi/phd_projects/ukr-adversarial-augmentation/results/campaign_logs/S1_main_seed7.log
[2026-09-14 20:32:39] [3/15] DONE  S1_main_seed7 in 9.3 h
[2026-09-14 20:32:39] [4/15] START S2_mlm_seed1914 -- MLM-distribution conditions B6/B7, seed 1914 (completes RQ4)
[2026-09-14 20:32:39]             log: /home/mudryi/phd_projects/ukr-adversarial-augmentation/results/campaign_logs/S2_mlm_seed1914.log
[2026-09-15 00:09:43] [4/15] DONE  S2_mlm_seed1914 in 3.6 h
[2026-09-15 00:09:43] [5/15] START S2_mlm_seed2024 -- MLM-distribution conditions B6/B7, seed 2024 (completes RQ4)
[2026-09-15 00:09:43]             log: /home/mudryi/phd_projects/ukr-adversarial-augmentation/results/campaign_logs/S2_mlm_seed2024.log
[2026-09-15 03:12:14] [5/15] DONE  S2_mlm_seed2024 in 3.0 h
[2026-09-15 03:12:14] [6/15] START S2_mlm_seed7 -- MLM-distribution conditions B6/B7, seed 7 (completes RQ4)
[2026-09-15 03:12:14]             log: /home/mudryi/phd_projects/ukr-adversarial-augmentation/results/campaign_logs/S2_mlm_seed7.log
[2026-09-15 06:12:23] [6/15] DONE  S2_mlm_seed7 in 3.0 h
[2026-09-15 06:12:23] [7/15] START S3_pool_seed1914 -- Pool-size ablation 10x20 (B3/B4/B5), seed 1914
[2026-09-15 06:12:23]             log: /home/mudryi/phd_projects/ukr-adversarial-augmentation/results/campaign_logs/S3_pool_seed1914.log
[2026-09-15 12:03:06] [7/15] DONE  S3_pool_seed1914 in 5.8 h
[2026-09-15 12:03:06] [8/15] START S4_ratio_r0.25 -- Augmentation ratio r=0.25 (B2/B3/B4), seed 1914
[2026-09-15 12:03:06]             log: /home/mudryi/phd_projects/ukr-adversarial-augmentation/results/campaign_logs/S4_ratio_r0.25.log
[2026-09-15 16:05:47] [8/15] DONE  S4_ratio_r0.25 in 4.0 h
[2026-09-15 16:05:47] [9/15] START S4_ratio_r1.0 -- Augmentation ratio r=1.0 (B2/B3/B4), seed 1914
[2026-09-15 16:05:47]             log: /home/mudryi/phd_projects/ukr-adversarial-augmentation/results/campaign_logs/S4_ratio_r1.0.log
[2026-09-15 20:44:36] [9/15] DONE  S4_ratio_r1.0 in 4.6 h
[2026-09-15 20:44:36] [10/15] START S5_full78k -- Full 78k train split instead of the 20k subsample (B0/B2/B3/B4)
[2026-09-15 20:44:36]             log: /home/mudryi/phd_projects/ukr-adversarial-augmentation/results/campaign_logs/S5_full78k.log
[2026-09-16 03:54:08] [10/15] DONE  S5_full78k in 7.2 h
[2026-09-16 03:54:09]   pruned reviews__xlmr_base__B2__seed1914__full78k (freed 1.1 GB)
[2026-09-16 03:54:09]   pruned reviews__xlmr_base__B3__seed1914__full78k (freed 1.1 GB)
[2026-09-16 03:54:09]   pruned reviews__xlmr_base__B4__seed1914__full78k (freed 1.1 GB)
[2026-09-16 03:54:09] [11/15] START S6_scale_ukrroberta_reviews -- Scale to ukrroberta_reviews (B0/B2/B3/B4), seed 1914
[2026-09-16 03:54:09]             log: /home/mudryi/phd_projects/ukr-adversarial-augmentation/results/campaign_logs/S6_scale_ukrroberta_reviews.log
[2026-09-16 08:18:07] [11/15] DONE  S6_scale_ukrroberta_reviews in 4.4 h
[2026-09-16 08:18:07]   pruned reviews__ukr_roberta__B2__seed1914 (freed 0.5 GB)
[2026-09-16 08:18:08]   pruned reviews__ukr_roberta__B3__seed1914 (freed 0.5 GB)
[2026-09-16 08:18:08]   pruned reviews__ukr_roberta__B4__seed1914 (freed 0.5 GB)
[2026-09-16 08:18:08] [12/15] START S6_scale_news -- Scale to news (B0/B2/B3/B4), seed 1914
[2026-09-16 08:18:08]             log: /home/mudryi/phd_projects/ukr-adversarial-augmentation/results/campaign_logs/S6_scale_news.log
[2026-09-16 11:10:47] [12/15] DONE  S6_scale_news in 2.9 h
[2026-09-16 11:10:47]   pruned news__xlmr_base__B2__seed1914 (freed 1.1 GB)
[2026-09-16 11:10:47]   pruned news__xlmr_base__B3__seed1914 (freed 1.1 GB)
[2026-09-16 11:10:48]   pruned news__xlmr_base__B4__seed1914 (freed 1.1 GB)
[2026-09-16 11:10:48] [13/15] START S6_scale_unlp -- Scale to unlp (B0/B2/B3/B4), seed 1914
[2026-09-16 11:10:48]             log: /home/mudryi/phd_projects/ukr-adversarial-augmentation/results/campaign_logs/S6_scale_unlp.log
[2026-09-16 16:35:37] [13/15] DONE  S6_scale_unlp in 5.4 h
[2026-09-16 16:35:37]   pruned unlp__xlmr_base__B2__seed1914 (freed 1.1 GB)
[2026-09-16 16:35:37]   pruned unlp__xlmr_base__B3__seed1914 (freed 1.1 GB)
[2026-09-16 16:35:37]   pruned unlp__xlmr_base__B4__seed1914 (freed 1.1 GB)
[2026-09-16 16:35:37] [14/15] START S3_pool_seed2024 -- Pool-size ablation 10x20 (B3/B4/B5), seed 2024
[2026-09-16 16:35:37]             log: /home/mudryi/phd_projects/ukr-adversarial-augmentation/results/campaign_logs/S3_pool_seed2024.log
[2026-09-16 22:32:00] [14/15] DONE  S3_pool_seed2024 in 5.9 h
[2026-09-16 22:32:00]   pruned reviews__xlmr_base__B1__seed2024 (freed 1.1 GB)
[2026-09-16 22:32:01]   pruned reviews__xlmr_base__B2__seed2024 (freed 1.1 GB)
[2026-09-16 22:32:01]   pruned reviews__xlmr_base__B3__seed2024 (freed 1.1 GB)
[2026-09-16 22:32:01]   pruned reviews__xlmr_base__B3__seed2024__pool10x20 (freed 1.1 GB)
[2026-09-16 22:32:01]   pruned reviews__xlmr_base__B4__seed2024 (freed 1.1 GB)
[2026-09-16 22:32:01]   pruned reviews__xlmr_base__B4__seed2024__pool10x20 (freed 1.1 GB)
[2026-09-16 22:32:01]   pruned reviews__xlmr_base__B5__seed2024 (freed 1.1 GB)
[2026-09-16 22:32:01]   pruned reviews__xlmr_base__B5__seed2024__pool10x20 (freed 1.1 GB)
[2026-09-16 22:32:01]   pruned reviews__xlmr_base__B6__seed2024 (freed 1.1 GB)
[2026-09-16 22:32:01]   pruned reviews__xlmr_base__B7__seed2024 (freed 1.1 GB)
[2026-09-16 22:32:01] [15/15] START S3_pool_seed7 -- Pool-size ablation 10x20 (B3/B4/B5), seed 7
[2026-09-16 22:32:01]             log: /home/mudryi/phd_projects/ukr-adversarial-augmentation/results/campaign_logs/S3_pool_seed7.log
[2026-09-17 05:20:24] [15/15] DONE  S3_pool_seed7 in 6.8 h
[2026-09-17 05:20:24]   pruned reviews__xlmr_base__B1__seed7 (freed 1.1 GB)
[2026-09-17 05:20:25]   pruned reviews__xlmr_base__B2__seed7 (freed 1.1 GB)
[2026-09-17 05:20:25]   pruned reviews__xlmr_base__B3__seed7 (freed 1.1 GB)
[2026-09-17 05:20:25]   pruned reviews__xlmr_base__B3__seed7__pool10x20 (freed 1.1 GB)
[2026-09-17 05:20:25]   pruned reviews__xlmr_base__B4__seed7 (freed 1.1 GB)
[2026-09-17 05:20:25]   pruned reviews__xlmr_base__B4__seed7__pool10x20 (freed 1.1 GB)
[2026-09-17 05:20:25]   pruned reviews__xlmr_base__B5__seed7 (freed 1.1 GB)
[2026-09-17 05:20:25]   pruned reviews__xlmr_base__B5__seed7__pool10x20 (freed 1.1 GB)
[2026-09-17 05:20:25]   pruned reviews__xlmr_base__B6__seed7 (freed 1.1 GB)
[2026-09-17 05:20:25]   pruned reviews__xlmr_base__B7__seed7 (freed 1.1 GB)
[2026-09-17 05:20:25] ==============================================================================
[2026-09-17 05:20:25] CAMPAIGN COMPLETE in 78.1 h
[2026-09-17 05:20:25]   S1_main_seed1914: ok (4.4 h)
[2026-09-17 05:20:25]   S1_main_seed2024: ok (7.6 h)
[2026-09-17 05:20:25]   S1_main_seed7: ok (9.3 h)
[2026-09-17 05:20:25]   S2_mlm_seed1914: ok (3.6 h)
[2026-09-17 05:20:25]   S2_mlm_seed2024: ok (3.0 h)
[2026-09-17 05:20:25]   S2_mlm_seed7: ok (3.0 h)
[2026-09-17 05:20:25]   S3_pool_seed1914: ok (5.8 h)
[2026-09-17 05:20:25]   S4_ratio_r0.25: ok (4.0 h)
[2026-09-17 05:20:25]   S4_ratio_r1.0: ok (4.6 h)
[2026-09-17 05:20:25]   S5_full78k: ok (7.2 h)
[2026-09-17 05:20:25]   S6_scale_ukrroberta_reviews: ok (4.4 h)
[2026-09-17 05:20:25]   S6_scale_news: ok (2.9 h)
[2026-09-17 05:20:25]   S6_scale_unlp: ok (5.4 h)
[2026-09-17 05:20:25]   S3_pool_seed2024: ok (5.9 h)
[2026-09-17 05:20:25]   S3_pool_seed7: ok (6.8 h)
[2026-09-17 05:20:25] manifest: /home/mudryi/phd_projects/ukr-adversarial-augmentation/results/campaign_manifest.json
[2026-09-17 05:20:25] ==============================================================================
[2026-09-18 01:08:41] ==============================================================================
[2026-09-18 01:08:41] CAMPAIGN : 24 stage(s)
[2026-09-18 01:08:41] ==============================================================================
[2026-09-18 01:08:41] [1/24] SKIP S1_main_seed1914 (already ok on 2026-09-14T03:37:48.561113)
[2026-09-18 01:08:41] [2/24] SKIP S1_main_seed2024 (already ok on 2026-09-14T11:16:21.596824)
[2026-09-18 01:08:41] [3/24] SKIP S1_main_seed7 (already ok on 2026-09-14T20:32:39.328165)
[2026-09-18 01:08:41] [4/24] SKIP S2_mlm_seed1914 (already ok on 2026-09-15T00:09:43.246430)
[2026-09-18 01:08:41] [5/24] SKIP S2_mlm_seed2024 (already ok on 2026-09-15T03:12:14.719259)
[2026-09-18 01:08:41] [6/24] SKIP S2_mlm_seed7 (already ok on 2026-09-15T06:12:23.744790)
[2026-09-18 01:08:41] [7/24] SKIP S3_pool_seed1914 (already ok on 2026-09-15T12:03:06.378871)
[2026-09-18 01:08:41] [8/24] SKIP S4_ratio_r0.25 (already ok on 2026-09-15T16:05:47.573390)
[2026-09-18 01:08:41] [9/24] SKIP S4_ratio_r1.0 (already ok on 2026-09-15T20:44:36.872308)
[2026-09-18 01:08:41] [10/24] SKIP S5_full78k (already ok on 2026-09-16T03:54:08.945314)
[2026-09-18 01:08:41] [11/24] SKIP S6_scale_ukrroberta_reviews (already ok on 2026-09-16T08:18:07.906871)
[2026-09-18 01:08:41] [12/24] SKIP S6_scale_news (already ok on 2026-09-16T11:10:47.729932)
[2026-09-18 01:08:41] [13/24] SKIP S6_scale_unlp (already ok on 2026-09-16T16:35:37.022522)
[2026-09-18 01:08:41] [14/24] SKIP S3_pool_seed2024 (already ok on 2026-09-16T22:32:00.926024)
[2026-09-18 01:08:41] [15/24] SKIP S3_pool_seed7 (already ok on 2026-09-17T05:20:24.949499)
[2026-09-18 01:08:41] [16/24] START R1_full78k_seed2024 -- Full 78k reseed, seed 2024 (tests the prediction-collapse confound)
[2026-09-18 01:08:41]             log: /home/mudryi/phd_projects/ukr-adversarial-augmentation/results/campaign_logs/R1_full78k_seed2024.log
[2026-09-18 08:12:12] [16/24] DONE  R1_full78k_seed2024 in 7.1 h
[2026-09-18 08:12:12]   pruned reviews__xlmr_base__B2__seed2024__full78k (freed 1.1 GB)
[2026-09-18 08:12:12]   pruned reviews__xlmr_base__B3__seed2024__full78k (freed 1.1 GB)
[2026-09-18 08:12:12]   pruned reviews__xlmr_base__B4__seed2024__full78k (freed 1.1 GB)
[2026-09-18 08:12:12] [17/24] START R1_full78k_seed7 -- Full 78k reseed, seed 7 (tests the prediction-collapse confound)
[2026-09-18 08:12:12]             log: /home/mudryi/phd_projects/ukr-adversarial-augmentation/results/campaign_logs/R1_full78k_seed7.log
[2026-09-18 15:20:56] [17/24] DONE  R1_full78k_seed7 in 7.1 h
[2026-09-18 15:20:56]   pruned reviews__xlmr_base__B2__seed7__full78k (freed 1.1 GB)
[2026-09-18 15:20:56]   pruned reviews__xlmr_base__B3__seed7__full78k (freed 1.1 GB)
[2026-09-18 15:20:56]   pruned reviews__xlmr_base__B4__seed7__full78k (freed 1.1 GB)
[2026-09-18 15:20:56] [18/24] START R2_ukrroberta_B5_seed1914 -- B5 control on Ukr-RoBERTa, seed 1914 (borrows the existing B0)
[2026-09-18 15:20:56]             log: /home/mudryi/phd_projects/ukr-adversarial-augmentation/results/campaign_logs/R2_ukrroberta_B5_seed1914.log
[2026-09-18 16:10:28] [18/24] DONE  R2_ukrroberta_B5_seed1914 in 0.8 h
[2026-09-18 16:10:28] [19/24] START R2_ukrroberta_seed2024 -- Ukr-RoBERTa reseed + B5 control, seed 2024
[2026-09-18 16:10:28]             log: /home/mudryi/phd_projects/ukr-adversarial-augmentation/results/campaign_logs/R2_ukrroberta_seed2024.log
[2026-09-18 21:34:36] [19/24] DONE  R2_ukrroberta_seed2024 in 5.4 h
[2026-09-18 21:34:36]   pruned reviews__ukr_roberta__B2__seed2024 (freed 0.5 GB)
[2026-09-18 21:34:36]   pruned reviews__ukr_roberta__B3__seed2024 (freed 0.5 GB)
[2026-09-18 21:34:37]   pruned reviews__ukr_roberta__B4__seed2024 (freed 0.5 GB)
[2026-09-18 21:34:37]   pruned reviews__ukr_roberta__B5__seed1914 (freed 0.5 GB)
[2026-09-18 21:34:37]   pruned reviews__ukr_roberta__B5__seed2024 (freed 0.5 GB)
[2026-09-18 21:34:37] [20/24] START R2_ukrroberta_seed7 -- Ukr-RoBERTa reseed + B5 control, seed 7
[2026-09-18 21:34:37]             log: /home/mudryi/phd_projects/ukr-adversarial-augmentation/results/campaign_logs/R2_ukrroberta_seed7.log
[2026-09-19 02:45:44] [20/24] DONE  R2_ukrroberta_seed7 in 5.2 h
[2026-09-19 02:45:44]   pruned reviews__ukr_roberta__B2__seed7 (freed 0.5 GB)
[2026-09-19 02:45:44]   pruned reviews__ukr_roberta__B3__seed7 (freed 0.5 GB)
[2026-09-19 02:45:44]   pruned reviews__ukr_roberta__B4__seed7 (freed 0.5 GB)
[2026-09-19 02:45:44]   pruned reviews__ukr_roberta__B5__seed7 (freed 0.5 GB)
[2026-09-19 02:45:44] [21/24] START R3_unlp_seed2024 -- UNLP reseed, seed 2024 (inconclusive -> real answer)
[2026-09-19 02:45:44]             log: /home/mudryi/phd_projects/ukr-adversarial-augmentation/results/campaign_logs/R3_unlp_seed2024.log
[2026-09-19 08:08:16] [21/24] DONE  R3_unlp_seed2024 in 5.4 h
[2026-09-19 08:08:16]   pruned unlp__xlmr_base__B2__seed2024 (freed 1.1 GB)
[2026-09-19 08:08:16]   pruned unlp__xlmr_base__B3__seed2024 (freed 1.1 GB)
[2026-09-19 08:08:16]   pruned unlp__xlmr_base__B4__seed2024 (freed 1.1 GB)
[2026-09-19 08:08:16] [22/24] START R3_unlp_seed7 -- UNLP reseed, seed 7 (inconclusive -> real answer)
[2026-09-19 08:08:16]             log: /home/mudryi/phd_projects/ukr-adversarial-augmentation/results/campaign_logs/R3_unlp_seed7.log
[2026-09-19 13:48:30] [22/24] DONE  R3_unlp_seed7 in 5.7 h
[2026-09-19 13:48:31]   pruned unlp__xlmr_base__B2__seed7 (freed 1.1 GB)
[2026-09-19 13:48:31]   pruned unlp__xlmr_base__B3__seed7 (freed 1.1 GB)
[2026-09-19 13:48:31]   pruned unlp__xlmr_base__B4__seed7 (freed 1.1 GB)
[2026-09-19 13:48:31] [23/24] START R4_ratio_r1.0_seed2024 -- Augmentation ratio r=1.0 reseed, seed 2024
[2026-09-19 13:48:31]             log: /home/mudryi/phd_projects/ukr-adversarial-augmentation/results/campaign_logs/R4_ratio_r1.0_seed2024.log
[2026-09-19 18:32:38] [23/24] DONE  R4_ratio_r1.0_seed2024 in 4.7 h
[2026-09-19 18:32:38]   pruned reviews__xlmr_base__B2__seed2024__r1.0 (freed 1.1 GB)
[2026-09-19 18:32:38]   pruned reviews__xlmr_base__B3__seed2024__r1.0 (freed 1.1 GB)
[2026-09-19 18:32:39]   pruned reviews__xlmr_base__B4__seed2024__r1.0 (freed 1.1 GB)
[2026-09-19 18:32:39] [24/24] START R4_ratio_r1.0_seed7 -- Augmentation ratio r=1.0 reseed, seed 7
[2026-09-19 18:32:39]             log: /home/mudryi/phd_projects/ukr-adversarial-augmentation/results/campaign_logs/R4_ratio_r1.0_seed7.log
